 AKO1

 Timestamp is 59dba389 (Mon Oct  9 18:27:53 2017)

 Preferred load address is 00400000

 Start         Length     Name                   Class
 0001:00000000 00052480H .text$mn                CODE
 0002:00000000 00000104H .CRT$XCA                DATA
 0002:00000104 00000104H .CRT$XCAA               DATA
 0002:00000208 00000104H .CRT$XCZ                DATA
 0002:0000030c 00000104H .CRT$XIA                DATA
 0002:00000410 00000104H .CRT$XIAA               DATA
 0002:00000514 00000104H .CRT$XIAC               DATA
 0002:00000618 00000110H .CRT$XIC                DATA
 0002:00000728 00000104H .CRT$XIZ                DATA
 0002:0000082c 00000104H .CRT$XPA                DATA
 0002:00000930 0000010cH .CRT$XPX                DATA
 0002:00000a3c 00000104H .CRT$XPXA               DATA
 0002:00000b40 00000104H .CRT$XPZ                DATA
 0002:00000c44 00000104H .CRT$XTA                DATA
 0002:00000d48 00000108H .CRT$XTZ                DATA
 0002:00000e50 000088c8H .rdata                  DATA
 0002:00009718 0000038cH .rdata$r                DATA
 0002:00009aa4 0000019cH .rdata$zzzdbg           DATA
 0002:00009c40 00000104H .rtc$IAA                DATA
 0002:00009d44 00000104H .rtc$IZZ                DATA
 0002:00009e48 00000104H .rtc$TAA                DATA
 0002:00009f4c 00000104H .rtc$TZZ                DATA
 0002:0000a050 000008eeH .xdata$x                DATA
 0002:0000a93e 00000000H .edata                  DATA
 0003:00000000 00000a6cH .data                   DATA
 0003:00000a6c 000001d4H .data$r                 DATA
 0003:00000c40 00001684H .bss                    DATA
 0004:00000000 000001e8H .idata$5                DATA
 0004:000001e8 00000028H .idata$2                DATA
 0004:00000210 00000014H .idata$3                DATA
 0004:00000224 000001e8H .idata$4                DATA
 0004:0000040c 000007edH .idata$6                DATA
 0005:00000000 00000104H .00cfg                  DATA
 0006:00000000 00000170H .rsrc$01                DATA
 0006:00000170 000002ccH .rsrc$02                DATA

  Address         Publics by Value              Rva+Base       Lib:Object

 0000:00000000       ___guard_longjmp_count     00000000     <absolute>
 0000:00000000       ___dynamic_value_reloc_table 00000000     <absolute>
 0000:00000000       ___guard_fids_table        00000000     <absolute>
 0000:00000000       ___guard_longjmp_table     00000000     <absolute>
 0000:00000000       ___safe_se_handler_count   00000000     <absolute>
 0000:00000000       ___guard_iat_count         00000000     <absolute>
 0000:00000000       ___guard_iat_table         00000000     <absolute>
 0000:00000000       ___guard_fids_count        00000000     <absolute>
 0000:00000000       __except_list              00000000     <absolute>
 0000:00000000       ___safe_se_handler_table   00000000     <absolute>
 0000:00000100       ___guard_flags             00000100     <absolute>
 0000:00000000       ___ImageBase               00400000     <linker-defined>
 0001:00005512       _ExitProcess@4             00406512 f   kernel32:KERNEL32.dll
 0001:00005518       _MessageBoxA@16            00406518 f   user32:USER32.dll
 0001:0000551e       _MessageBeep@4             0040651e f   user32:USER32.dll
 0001:00005790       _main                      00406790 f   helloworld.obj
 0001:000057e6       ?configure_argv@__scrt_narrow_argv_policy@@SAHXZ 004067e6 f i libcmt:exe_main.obj
 0001:000057f6       ?get_app_type@__scrt_main_policy@@SA?AW4_crt_app_type@@XZ 004067f6 f i libcmt:exe_main.obj
 0001:0000582c       _mainCRTStartup            0040682c f   libcmt:exe_main.obj
 0001:00005838       ??$__crt_fast_decode_pointer@PAP6AXXZ@@YAPAP6AXXZQAP6AXXZ@Z 00406838 f i libcmt:utility.obj
 0001:00005851       ??$__crt_fast_encode_pointer@PAP6AXXZ@@YAPAP6AXXZQAP6AXXZ@Z 00406851 f i libcmt:utility.obj
 0001:00005875       ?__crt_rotate_pointer_value@@YAIIH@Z 00406875 f i libcmt:utility.obj
 0001:00005919       _NtCurrentTeb              00406919 f i libcmt:utility.obj
 0001:00005920       ___scrt_acquire_startup_lock 00406920 f   libcmt:utility.obj
 0001:00005962       ___scrt_dllmain_after_initialize_c 00406962 f   libcmt:utility.obj
 0001:00005997       ___scrt_dllmain_before_initialize_c 00406997 f   libcmt:utility.obj
 0001:000059a8       ___scrt_dllmain_crt_thread_attach 004069a8 f   libcmt:utility.obj
 0001:000059ce       ___scrt_dllmain_crt_thread_detach 004069ce f   libcmt:utility.obj
 0001:000059de       ___scrt_dllmain_exception_filter 004069de f   libcmt:utility.obj
 0001:00005a1d       ___scrt_dllmain_uninitialize_c 00406a1d f   libcmt:utility.obj
 0001:00005a48       ___scrt_dllmain_uninitialize_critical 00406a48 f   libcmt:utility.obj
 0001:00005a58       ___scrt_initialize_crt     00406a58 f   libcmt:utility.obj
 0001:00005a9f       ___scrt_initialize_onexit_tables 00406a9f f   libcmt:utility.obj
 0001:00005b73       ___scrt_is_nonwritable_in_current_image 00406b73 f   libcmt:utility.obj
 0001:00005c1f       ___scrt_release_startup_lock 00406c1f f   libcmt:utility.obj
 0001:00005c43       ___scrt_uninitialize_crt   00406c43 f   libcmt:utility.obj
 0001:00005c75       __onexit                   00406c75 f   libcmt:utility.obj
 0001:00005cbe       _at_quick_exit             00406cbe f   libcmt:utility.obj
 0001:00005cfb       _atexit                    00406cfb f   libcmt:utility.obj
 0001:00005d15       ___security_init_cookie    00406d15 f   libcmt:gs_support.obj
 0001:00005dd8       __matherr                  00406dd8 f   libcmt:matherr.obj
 0001:00005ddb       __get_startup_argv_mode    00406ddb f   libcmt:argv_mode.obj
 0001:00005ddf       __get_startup_commit_mode  00406ddf f   libcmt:commit_mode.obj
 0001:00005de2       __get_startup_file_mode    00406de2 f   libcmt:file_mode.obj
 0001:00005de8       __get_startup_new_mode     00406de8 f   libcmt:new_mode.obj
 0001:00005deb       __get_startup_thread_locale_mode 00406deb f   libcmt:thread_locale.obj
 0001:00005dee       ?__scrt_initialize_type_info@@YAXXZ 00406dee f   libcmt:tncleanup.obj
 0001:00005dfd       ?__scrt_uninitialize_type_info@@YAXXZ 00406dfd f   libcmt:tncleanup.obj
 0001:00005e0c       __should_initialize_environment 00406e0c f   libcmt:env_mode.obj
 0001:00005e0f       __initialize_default_precision 00406e0f f   libcmt:default_precision.obj
 0001:00005e38       __initialize_invalid_parameter_handler 00406e38 f   libcmt:invalid_parameter_handler.obj
 0001:00005e39       __initialize_denormal_control 00406e39 f   libcmt:denormal_control.obj
 0001:00005e3a       ___local_stdio_printf_options 00406e3a f i libcmt:default_local_stdio_options.obj
 0001:00005e40       ___local_stdio_scanf_options 00406e40 f i libcmt:default_local_stdio_options.obj
 0001:00005e46       ___scrt_initialize_default_local_stdio_options 00406e46 f   libcmt:default_local_stdio_options.obj
 0001:00005e6a       ___scrt_is_user_matherr_present 00406e6a f   libcmt:matherr_detection.obj
 0001:00005e79       ___scrt_get_dyn_tls_init_callback 00406e79 f   libcmt:dyn_tls_init.obj
 0001:00005e7f       ___scrt_get_dyn_tls_dtor_callback 00406e7f f   libcmt:dyn_tls_dtor.obj
 0001:00005e85       ___scrt_fastfail           00406e85 f   libcmt:utility_desktop.obj
 0001:00005fe6       ___scrt_get_show_window_mode 00406fe6 f   libcmt:utility_desktop.obj
 0001:00006025       ___scrt_initialize_winrt   00407025 f   libcmt:utility_desktop.obj
 0001:00006028       ___scrt_is_managed_app     00407028 f   libcmt:utility_desktop.obj
 0001:0000607d       ___scrt_set_unhandled_exception_filter 0040707d f   libcmt:utility_desktop.obj
 0001:0000608c       ___scrt_unhandled_exception_filter@4 0040708c f   libcmt:utility_desktop.obj
 0001:000060dd       __crt_debugger_hook        004070dd f   libcmt:utility_desktop.obj
 0001:000060e7       __RTC_Initialize           004070e7 f   libcmt:_initsect_.obj
 0001:0000611c       __RTC_Terminate            0040711c f   libcmt:_initsect_.obj
 0001:00006151       @_guard_check_icall@4      00407151 f i libcmt:checkcfg.obj
 0001:00006160       __SEH_prolog4              00407160 f   libcmt:_sehprolg4_.obj
 0001:000061a6       __SEH_epilog4              004071a6 f   libcmt:_sehprolg4_.obj
 0001:000061d1       ___isa_available_init      004071d1 f   libcmt:_cpu_disp_.obj
 0001:000063d7       ___scrt_is_ucrt_dll_in_use 004073d7 f   libcmt:ucrt_detection.obj
 0001:000063e6       @_guard_check_icall_nop@4  004073e6 f i libcmt:guard_support.obj
 0001:000063e7       __guard_icall_checks_enforced 004073e7 f i libcmt:guard_support.obj
 0001:000063fd       @__security_check_cookie@4 004073fd f   libcmt:_secchk_.obj
 0001:00006412       ___raise_securityfailure   00407412 f   libcmt:gs_report.obj
 0001:00006444       ___report_gsfailure        00407444 f   libcmt:gs_report.obj
 0001:0000657d       ___report_rangecheckfailure 0040757d f   libcmt:gs_report.obj
 0001:0000658c       ___report_securityfailure  0040758c f   libcmt:gs_report.obj
 0001:00006690       ___report_securityfailureEx 00407690 f   libcmt:gs_report.obj
 0001:00006830       __except_handler4          00407830 f   libvcruntime:_chandler4_.obj
 0001:000069ef       ___vcrt_initialize         004079ef f   libvcruntime:initialization.obj
 0001:00006a22       ___vcrt_thread_attach      00407a22 f   libvcruntime:initialization.obj
 0001:00006a2f       ___vcrt_thread_detach      00407a2f f   libvcruntime:initialization.obj
 0001:00006a3c       ___vcrt_uninitialize       00407a3c f   libvcruntime:initialization.obj
 0001:00006a62       ___vcrt_uninitialize_critical 00407a62 f   libvcruntime:initialization.obj
 0001:00006a7d       ??$?RD@__crt_internal_free_policy@@QBEXQBD@Z 00407a7d f i libvcruntime:std_type_info.obj
 0001:00006a91       ??$?RX@__crt_internal_free_policy@@QBEXQBX@Z 00407a91 f i libvcruntime:std_type_info.obj
 0001:00006aa5       ??$__crt_interlocked_compare_exchange_pointer@$$CBDPAD$$T@@YAPBDPDSBDQAD$$T@Z 00407aa5 f i libvcruntime:std_type_info.obj
 0001:00006abb       ??$__crt_interlocked_read_pointer@$$CBD@@YAPBDPDSBD@Z 00407abb f i libvcruntime:std_type_info.obj
 0001:00006ac7       ??0?$__crt_unique_heap_ptr@DU__crt_internal_free_policy@@@@QAE@QAD@Z 00407ac7 f i libvcruntime:std_type_info.obj
 0001:00006ad8       ??0?$__crt_unique_heap_ptr@XU__crt_internal_free_policy@@@@QAE@QAX@Z 00407ad8 f i libvcruntime:std_type_info.obj
 0001:00006ae9       ??1?$__crt_unique_heap_ptr@DU__crt_internal_free_policy@@@@QAE@XZ 00407ae9 f i libvcruntime:std_type_info.obj
 0001:00006afd       ??1?$__crt_unique_heap_ptr@XU__crt_internal_free_policy@@@@QAE@XZ 00407afd f i libvcruntime:std_type_info.obj
 0001:00006b1d       ??B?$__crt_unique_heap_ptr@DU__crt_internal_free_policy@@@@QBE_NXZ 00407b1d f i libvcruntime:std_type_info.obj
 0001:00006b24       ??B?$__crt_unique_heap_ptr@XU__crt_internal_free_policy@@@@QBE_NXZ 00407b24 f i libvcruntime:std_type_info.obj
 0001:00006b53       ?__crt_interlocked_read_32@@YAHPDH@Z 00407b53 f i libvcruntime:std_type_info.obj
 0001:00006b5f       ?detach@?$__crt_unique_heap_ptr@XU__crt_internal_free_policy@@@@QAEPAXXZ 00407b5f f i libvcruntime:std_type_info.obj
 0001:00006b65       ?get@?$__crt_unique_heap_ptr@DU__crt_internal_free_policy@@@@QBEPADXZ 00407b65 f i libvcruntime:std_type_info.obj
 0001:00006b68       ?get@?$__crt_unique_heap_ptr@XU__crt_internal_free_policy@@@@QBEPAXXZ 00407b68 f i libvcruntime:std_type_info.obj
 0001:00006b6b       ?is_valid@?$__crt_unique_heap_ptr@DU__crt_internal_free_policy@@@@QBE_NXZ 00407b6b f i libvcruntime:std_type_info.obj
 0001:00006b72       ?is_valid@?$__crt_unique_heap_ptr@XU__crt_internal_free_policy@@@@QBE_NXZ 00407b72 f i libvcruntime:std_type_info.obj
 0001:00006b79       ?release@?$__crt_unique_heap_ptr@DU__crt_internal_free_policy@@@@QAEXXZ 00407b79 f i libvcruntime:std_type_info.obj
 0001:00006b8d       ?release@?$__crt_unique_heap_ptr@XU__crt_internal_free_policy@@@@QAEXXZ 00407b8d f i libvcruntime:std_type_info.obj
 0001:00006ba1       ___std_type_info_compare   00407ba1 f   libvcruntime:std_type_info.obj
 0001:00006bec       ___std_type_info_destroy_list 00407bec f   libvcruntime:std_type_info.obj
 0001:00006c17       ___std_type_info_hash      00407c17 f   libvcruntime:std_type_info.obj
 0001:00006c46       ___std_type_info_name      00407c46 f   libvcruntime:std_type_info.obj
 0001:00006d40       _memset                    00407d40 f   libvcruntime:memset.obj
 0001:00006ef0       __local_unwind4            00407ef0 f   libvcruntime:_exsup4_.obj
 0001:00006fc6       __seh_longjmp_unwind4@4    00407fc6 f   libvcruntime:_exsup4_.obj
 0001:00006fee       @_EH4_CallFilterFunc@8     00407fee f   libvcruntime:_exsup4_.obj
 0001:00007005       @_EH4_TransferToHandler@8  00408005 f   libvcruntime:_exsup4_.obj
 0001:0000701e       @_EH4_GlobalUnwind2@8      0040801e f   libvcruntime:_exsup4_.obj
 0001:00007037       @_EH4_LocalUnwind@16       00408037 f   libvcruntime:_exsup4_.obj
 0001:000070a5       _ReadNoFence               004080a5 f i libvcruntime:jbcxrval.obj
 0001:000070b1       _ReadPointerNoFence        004080b1 f i libvcruntime:jbcxrval.obj
 0001:000070bd       ___except_validate_context_record 004080bd f   libvcruntime:jbcxrval.obj
 0001:000070f9       ___except_validate_jump_buffer 004080f9 f   libvcruntime:jbcxrval.obj
 0001:00007131       ??$?RU__vcrt_ptd@@@__crt_internal_free_policy@@QBEXQBU__vcrt_ptd@@@Z 00408131 f i libvcruntime:per_thread_data.obj
 0001:00007145       ??0?$__crt_unique_heap_ptr@U__vcrt_ptd@@U__crt_internal_free_policy@@@@QAE@QAU__vcrt_ptd@@@Z 00408145 f i libvcruntime:per_thread_data.obj
 0001:00007168       ??1?$__crt_unique_heap_ptr@U__vcrt_ptd@@U__crt_internal_free_policy@@@@QAE@XZ 00408168 f i libvcruntime:per_thread_data.obj
 0001:00007187       ??B?$__crt_unique_heap_ptr@U__vcrt_ptd@@U__crt_internal_free_policy@@@@QBE_NXZ 00408187 f i libvcruntime:per_thread_data.obj
 0001:0000718e       ?detach@?$__crt_unique_heap_ptr@U__vcrt_ptd@@U__crt_internal_free_policy@@@@QAEPAU__vcrt_ptd@@XZ 0040818e f i libvcruntime:per_thread_data.obj
 0001:00007194       ?get@?$__crt_unique_heap_ptr@U__vcrt_ptd@@U__crt_internal_free_policy@@@@QBEPAU__vcrt_ptd@@XZ 00408194 f i libvcruntime:per_thread_data.obj
 0001:00007197       ?is_valid@?$__crt_unique_heap_ptr@U__vcrt_ptd@@U__crt_internal_free_policy@@@@QBE_NXZ 00408197 f i libvcruntime:per_thread_data.obj
 0001:0000719e       ?release@?$__crt_unique_heap_ptr@U__vcrt_ptd@@U__crt_internal_free_policy@@@@QAEXXZ 0040819e f i libvcruntime:per_thread_data.obj
 0001:000071d2       ___vcrt_freefls@4          004081d2 f   libvcruntime:per_thread_data.obj
 0001:000071f5       ___vcrt_freeptd            004081f5 f   libvcruntime:per_thread_data.obj
 0001:00007238       ___vcrt_getptd             00408238 f   libvcruntime:per_thread_data.obj
 0001:00007249       ___vcrt_getptd_noexit      00408249 f   libvcruntime:per_thread_data.obj
 0001:000072ff       ___vcrt_getptd_noinit      004082ff f   libvcruntime:per_thread_data.obj
 0001:00007343       ___vcrt_initialize_ptd     00408343 f   libvcruntime:per_thread_data.obj
 0001:00007382       ___vcrt_uninitialize_ptd   00408382 f   libvcruntime:per_thread_data.obj
 0001:000073a3       ___vcrt_initialize_locks   004083a3 f   libvcruntime:locks.obj
 0001:000073ee       ___vcrt_lock               004083ee f   libvcruntime:locks.obj
 0001:00007408       ___vcrt_uninitialize_locks 00408408 f   libvcruntime:locks.obj
 0001:00007442       ___vcrt_unlock             00408442 f   libvcruntime:locks.obj
 0001:0000745c       ??$?BX@__crt_fast_encoded_nullptr_t@@QBEPAXXZ 0040845c f i libvcruntime:winapi_downlevel.obj
 0001:0000747a       ??$__crt_fast_decode_pointer@PAX@@YAPAXQAX@Z 0040847a f i libvcruntime:winapi_downlevel.obj
 0001:00007493       ??$__crt_fast_encode_pointer@PAX@@YAPAXQAX@Z 00408493 f i libvcruntime:winapi_downlevel.obj
 0001:000074b7       ??$__crt_interlocked_exchange_pointer@UHINSTANCE__@@PAU1@@@YAPAUHINSTANCE__@@PDSAU0@QAU0@@Z 004084b7 f i libvcruntime:winapi_downlevel.obj
 0001:000074c7       ??$__crt_interlocked_exchange_pointer@UHINSTANCE__@@PAX@@YAPAUHINSTANCE__@@PDSAU0@QAX@Z 004084c7 f i libvcruntime:winapi_downlevel.obj
 0001:000074d7       ??$__crt_interlocked_exchange_pointer@XPAX@@YAPAXPDSAXQAX@Z 004084d7 f i libvcruntime:winapi_downlevel.obj
 0001:000074e7       ??$__crt_interlocked_read_pointer@UHINSTANCE__@@@@YAPAUHINSTANCE__@@PDSAU0@@Z 004084e7 f i libvcruntime:winapi_downlevel.obj
 0001:000074f3       ??$__crt_interlocked_read_pointer@X@@YAPAXPDSAX@Z 004084f3 f i libvcruntime:winapi_downlevel.obj
 0001:000074ff       ?__crt_fast_encode_pointer@@YA?AU__crt_fast_encoded_nullptr_t@@$$T@Z 004084ff f i libvcruntime:winapi_downlevel.obj
 0001:0000784c       ___vcrt_FlsAlloc           0040884c f   libvcruntime:winapi_downlevel.obj
 0001:00007894       ___vcrt_FlsFree            00408894 f   libvcruntime:winapi_downlevel.obj
 0001:000078dc       ___vcrt_FlsGetValue        004088dc f   libvcruntime:winapi_downlevel.obj
 0001:00007924       ___vcrt_FlsSetValue        00408924 f   libvcruntime:winapi_downlevel.obj
 0001:00007970       ___vcrt_InitializeCriticalSectionEx 00408970 f   libvcruntime:winapi_downlevel.obj
 0001:000079c7       ___vcrt_initialize_winapi_thunks 004089c7 f   libvcruntime:winapi_downlevel.obj
 0001:00007a0f       ___vcrt_uninitialize_winapi_thunks 00408a0f f   libvcruntime:winapi_downlevel.obj
 0001:00007a4d       ??$?B$$A6AXXZ@__crt_fast_encoded_nullptr_t@@QBEP6AXXZXZ 00408a4d f i libvcruntime:purevirt_data.obj
 0001:00007a6b       ??$__crt_fast_encode_pointer@P6AXXZ@@YAP6AXXZQ6AXXZ@Z 00408a6b f i libvcruntime:purevirt_data.obj
 0001:00007a8f       ___vcrt_initialize_pure_virtual_call_handler 00408a8f f   libvcruntime:purevirt_data.obj
 0001:00007ab3       ??$__vcrt_va_start_verify_argument_type@QBD@@YAXXZ 00408ab3 f i libvcruntime:undname.obj
 0001:00007ab4       ??0Block@_HeapManager@@QAE@XZ 00408ab4 f i libvcruntime:undname.obj
 0001:00007aba       ??0DName@@QAE@AAPBDD@Z     00408aba f   libvcruntime:undname.obj
 0001:00007b98       ??0DName@@QAE@ABV0@@Z      00408b98 f i libvcruntime:undname.obj
 0001:00007bb3       ??0DName@@QAE@D@Z          00408bb3 f   libvcruntime:undname.obj
 0001:00007be1       ??0DName@@QAE@PAV0@@Z      00408be1 f   libvcruntime:undname.obj
 0001:00007c3c       ??0DName@@QAE@PBD@Z        00408c3c f   libvcruntime:undname.obj
 0001:00007c7b       ??0DName@@QAE@W4DNameStatus@@@Z 00408c7b f   libvcruntime:undname.obj
 0001:00007ccb       ??0DName@@QAE@XZ           00408ccb f i libvcruntime:undname.obj
 0001:00007cd7       ??0DName@@QAE@_J@Z         00408cd7 f   libvcruntime:undname.obj
 0001:00007d88       ??0DName@@QAE@_K@Z         00408d88 f   libvcruntime:undname.obj
 0001:00007e0a       ??0DNameNode@@IAE@XZ       00408e0a f   libvcruntime:undname.obj
 0001:00007e15       ??0DNameStatusNode@@AAE@W4DNameStatus@@@Z 00408e15 f   libvcruntime:undname.obj
 0001:00007e40       ??0Replicator@@QAE@XZ      00408e40 f i libvcruntime:undname.obj
 0001:00007e46       ??0UnDecorator@@QAE@PADPBDHP6APADJ@ZK@Z 00408e46 f i libvcruntime:undname.obj
 0001:00007ec9       ??0charNode@@QAE@D@Z       00408ec9 f   libvcruntime:undname.obj
 0001:00007ee3       ??0pDNameNode@@QAE@PAVDName@@@Z 00408ee3 f   libvcruntime:undname.obj
 0001:00007f15       ??0pairNode@@QAE@PAVDNameNode@@0@Z 00408f15 f   libvcruntime:undname.obj
 0001:00007f3b       ??0pcharNode@@QAE@PBDH@Z   00408f3b f   libvcruntime:undname.obj
 0001:00007faa       ??2@YAPAXIAAV_HeapManager@@H@Z 00408faa f i libvcruntime:undname.obj
 0001:00007fc4       ??4DName@@QAEAAV0@ABV0@@Z  00408fc4 f   libvcruntime:undname.obj
 0001:00007fdf       ??4DName@@QAEAAV0@D@Z      00408fdf f i libvcruntime:undname.obj
 0001:0000800d       ??4DName@@QAEAAV0@PAV0@@Z  0040900d f   libvcruntime:undname.obj
 0001:0000805f       ??4DName@@QAEAAV0@PBD@Z    0040905f f   libvcruntime:undname.obj
 0001:00008094       ??4DName@@QAEAAV0@W4DNameStatus@@@Z 00409094 f   libvcruntime:undname.obj
 0001:000080d2       ??AReplicator@@QBE?AVDName@@H@Z 004090d2 f   libvcruntime:undname.obj
 0001:00008129       ??BUnDecorator@@QAEPADXZ   00409129 f i libvcruntime:undname.obj
 0001:000082e9       ??H@YA?AVDName@@DABV0@@Z   004092e9 f i libvcruntime:undname.obj
 0001:00008316       ??H@YA?AVDName@@PBDABV0@@Z 00409316 f i libvcruntime:undname.obj
 0001:00008343       ??H@YA?AVDName@@W4DNameStatus@@ABV0@@Z 00409343 f i libvcruntime:undname.obj
 0001:00008370       ??HDName@@QBE?AV0@ABV0@@Z  00409370 f   libvcruntime:undname.obj
 0001:0000839a       ??HDName@@QBE?AV0@D@Z      0040939a f   libvcruntime:undname.obj
 0001:000083c4       ??HDName@@QBE?AV0@PAV0@@Z  004093c4 f   libvcruntime:undname.obj
 0001:000083ee       ??HDName@@QBE?AV0@PBD@Z    004093ee f   libvcruntime:undname.obj
 0001:00008418       ??HDName@@QBE?AV0@W4DNameStatus@@@Z 00409418 f   libvcruntime:undname.obj
 0001:00008442       ??YDName@@QAEAAV0@ABV0@@Z  00409442 f   libvcruntime:undname.obj
 0001:00008493       ??YDName@@QAEAAV0@D@Z      00409493 f   libvcruntime:undname.obj
 0001:000084f7       ??YDName@@QAEAAV0@PAV0@@Z  004094f7 f   libvcruntime:undname.obj
 0001:00008575       ??YDName@@QAEAAV0@PBD@Z    00409575 f   libvcruntime:undname.obj
 0001:000085ee       ??YDName@@QAEAAV0@W4DNameStatus@@@Z 004095ee f   libvcruntime:undname.obj
 0001:0000863e       ??YReplicator@@QAEAAV0@ABVDName@@@Z 0040963e f   libvcruntime:undname.obj
 0001:0000869a       ??_5DName@@QAEAAV0@ABV0@@Z 0040969a f   libvcruntime:undname.obj
 0001:000086bd       ?Constructor@_HeapManager@@QAEXP6APAXI@ZP6AXPAX@Z@Z 004096bd f i libvcruntime:undname.obj
 0001:000086e1       ?Destructor@_HeapManager@@QAEXXZ 004096e1 f i libvcruntime:undname.obj
 0001:00008728       ?UScore@UnDecorator@@SAPBDW4Tokens@@@Z 00409728 f   libvcruntime:undname.obj
 0001:0000874c       ?append@DName@@AAEXPAVDNameNode@@@Z 0040974c f   libvcruntime:undname.obj
 0001:000087a3       ?composeDeclaration@UnDecorator@@CA?AVDName@@ABV2@@Z 004097a3 f i libvcruntime:undname.obj
 0001:000097a7       ?doAccessSpecifiers@UnDecorator@@SAHXZ 0040a7a7 f i libvcruntime:undname.obj
 0001:000097b8       ?doAllocationLanguage@UnDecorator@@SAHXZ 0040a7b8 f i libvcruntime:undname.obj
 0001:000097c9       ?doAllocationModel@UnDecorator@@SAHXZ 0040a7c9 f i libvcruntime:undname.obj
 0001:000097da       ?doEcsu@UnDecorator@@SAHXZ 0040a7da f i libvcruntime:undname.obj
 0001:000097eb       ?doEllipsis@UnDecorator@@SAHXZ 0040a7eb f i libvcruntime:undname.obj
 0001:000097fc       ?doFunctionReturns@UnDecorator@@SAHXZ 0040a7fc f i libvcruntime:undname.obj
 0001:0000980d       ?doMSKeywords@UnDecorator@@SAHXZ 0040a80d f i libvcruntime:undname.obj
 0001:0000981d       ?doMemberTypes@UnDecorator@@SAHXZ 0040a81d f i libvcruntime:undname.obj
 0001:0000982e       ?doNameOnly@UnDecorator@@SAHXZ 0040a82e f i libvcruntime:undname.obj
 0001:0000983b       ?doNoIdentCharCheck@UnDecorator@@SAHXZ 0040a83b f i libvcruntime:undname.obj
 0001:00009848       ?doPchar@DName@@AAEXPBDH@Z 0040a848 f   libvcruntime:undname.obj
 0001:000098ef       ?doPtr64@UnDecorator@@SAHXZ 0040a8ef f i libvcruntime:undname.obj
 0001:00009900       ?doRestrictionSpec@UnDecorator@@SAHXZ 0040a900 f i libvcruntime:undname.obj
 0001:00009911       ?doThisTypes@UnDecorator@@SAHXZ 0040a911 f i libvcruntime:undname.obj
 0001:00009927       ?doThrowTypes@UnDecorator@@SAHXZ 0040a927 f i libvcruntime:undname.obj
 0001:00009938       ?doTypeOnly@UnDecorator@@SAHXZ 0040a938 f i libvcruntime:undname.obj
 0001:00009945       ?doUnderScore@UnDecorator@@SAHXZ 0040a945 f i libvcruntime:undname.obj
 0001:00009952       ?getArgumentList@UnDecorator@@CA?AVDName@@XZ 0040a952 f   libvcruntime:undname.obj
 0001:00009a90       ?getArgumentTypes@UnDecorator@@CA?AVDName@@XZ 0040aa90 f   libvcruntime:undname.obj
 0001:00009bad       ?getArrayType@UnDecorator@@CA?AVDName@@ABV2@@Z 0040abad f i libvcruntime:undname.obj
 0001:00009e1f       ?getBasedType@UnDecorator@@CA?AVDName@@XZ 0040ae1f f   libvcruntime:undname.obj
 0001:00009edf       ?getBasicDataType@UnDecorator@@CA?AVDName@@ABV2@@Z 0040aedf f   libvcruntime:undname.obj
 0001:0000a3d3       ?getCallIndex@UnDecorator@@CA?AVDName@@XZ 0040b3d3 f i libvcruntime:undname.obj
 0001:0000a3ec       ?getCallingConvention@UnDecorator@@CA?AVDName@@XZ 0040b3ec f   libvcruntime:undname.obj
 0001:0000a4dd       ?getDataIndirectType@UnDecorator@@CA?AVDName@@ABV2@PBD0H@Z 0040b4dd f   libvcruntime:undname.obj
 0001:0000ac74       ?getDataIndirectType@UnDecorator@@CA?AVDName@@XZ 0040bc74 f i libvcruntime:undname.obj
 0001:0000acb5       ?getDataType@UnDecorator@@CA?AVDName@@PAV2@@Z 0040bcb5 f   libvcruntime:undname.obj
 0001:0000adb6       ?getDecoratedName@UnDecorator@@CA?AVDName@@XZ 0040bdb6 f   libvcruntime:undname.obj
 0001:0000b09f       ?getDimension@UnDecorator@@CA?AVDName@@_N@Z 0040c09f f   libvcruntime:undname.obj
 0001:0000b232       ?getDispatchTarget@UnDecorator@@CA?AVDName@@XZ 0040c232 f   libvcruntime:undname.obj
 0001:0000b29c       ?getDisplacement@UnDecorator@@CA?AVDName@@XZ 0040c29c f i libvcruntime:undname.obj
 0001:0000b2b5       ?getECSUDataType@UnDecorator@@CA?AVDName@@XZ 0040c2b5 f   libvcruntime:undname.obj
 0001:0000b413       ?getECSUName@UnDecorator@@CA?AVDName@@XZ 0040c413 f i libvcruntime:undname.obj
 0001:0000b428       ?getEnumType@UnDecorator@@CA?AVDName@@XZ 0040c428 f i libvcruntime:undname.obj
 0001:0000b559       ?getExtendedDataIndirectType@UnDecorator@@CA?AVDName@@AAPBDAA_NH@Z 0040c559 f   libvcruntime:undname.obj
 0001:0000b787       ?getExternalDataType@UnDecorator@@CA?AVDName@@ABV2@@Z 0040c787 f i libvcruntime:undname.obj
 0001:0000b815       ?getFunctionIndirectType@UnDecorator@@CA?AVDName@@ABV2@@Z 0040c815 f   libvcruntime:undname.obj
 0001:0000bd36       ?getGuardNumber@UnDecorator@@CA?AVDName@@XZ 0040cd36 f i libvcruntime:undname.obj
 0001:0000bd4f       ?getLastChar@DName@@QBEDXZ 0040cd4f f i libvcruntime:undname.obj
 0001:0000bd75       ?getLastChar@DNameStatusNode@@UBEDXZ 0040cd75 f i libvcruntime:undname.obj
 0001:0000bd84       ?getLastChar@charNode@@UBEDXZ 0040cd84 f i libvcruntime:undname.obj
 0001:0000bd88       ?getLastChar@pDNameNode@@UBEDXZ 0040cd88 f i libvcruntime:undname.obj
 0001:0000bd99       ?getLastChar@pairNode@@UBEDXZ 0040cd99 f i libvcruntime:undname.obj
 0001:0000bdd8       ?getLastChar@pcharNode@@UBEDXZ 0040cdd8 f i libvcruntime:undname.obj
 0001:0000bdee       ?getLexicalFrame@UnDecorator@@CA?AVDName@@XZ 0040cdee f i libvcruntime:undname.obj
 0001:0000be3a       ?getMemory@_HeapManager@@QAEPAXIH@Z 0040ce3a f   libvcruntime:undname.obj
 0001:0000beeb       ?getNumberOfDimensions@UnDecorator@@CAHXZ 0040ceeb f   libvcruntime:undname.obj
 0001:0000bf64       ?getOperatorName@UnDecorator@@CA?AVDName@@_NPA_N@Z 0040cf64 f i libvcruntime:undname.obj
 0001:0000c72f       ?getPointerType@UnDecorator@@CA?AVDName@@ABV2@0@Z 0040d72f f i libvcruntime:undname.obj
 0001:0000c754       ?getPointerTypeArray@UnDecorator@@CA?AVDName@@ABV2@0@Z 0040d754 f i libvcruntime:undname.obj
 0001:0000c779       ?getPrimaryDataType@UnDecorator@@CA?AVDName@@ABV2@@Z 0040d779 f   libvcruntime:undname.obj
 0001:0000c9e6       ?getPtrRefDataType@UnDecorator@@CA?AVDName@@ABV2@H@Z 0040d9e6 f   libvcruntime:undname.obj
 0001:0000cb65       ?getPtrRefType@UnDecorator@@CA?AVDName@@ABV2@0PBD@Z 0040db65 f   libvcruntime:undname.obj
 0001:0000cca0       ?getReferenceType@UnDecorator@@CA?AVDName@@ABV2@0PBD@Z 0040dca0 f i libvcruntime:undname.obj
 0001:0000ccc3       ?getRestrictionSpec@UnDecorator@@CA?AVDName@@XZ 0040dcc3 f   libvcruntime:undname.obj
 0001:0000cddc       ?getReturnType@UnDecorator@@CA?AVDName@@PAV2@@Z 0040dddc f   libvcruntime:undname.obj
 0001:0000ce16       ?getScope@UnDecorator@@CA?AVDName@@XZ 0040de16 f   libvcruntime:undname.obj
 0001:0000d2b4       ?getScopedName@UnDecorator@@CA?AVDName@@XZ 0040e2b4 f   libvcruntime:undname.obj
 0001:0000d3c7       ?getSignedDimension@UnDecorator@@CA?AVDName@@XZ 0040e3c7 f   libvcruntime:undname.obj
 0001:0000d42e       ?getStorageConvention@UnDecorator@@CA?AVDName@@XZ 0040e42e f i libvcruntime:undname.obj
 0001:0000d443       ?getString@DName@@QBEPADPAD0@Z 0040e443 f i libvcruntime:undname.obj
 0001:0000d47a       ?getString@DName@@QBEPADPADH@Z 0040e47a f i libvcruntime:undname.obj
 0001:0000d4e5       ?getString@DNameStatusNode@@UBEPADPAD0@Z 0040e4e5 f i libvcruntime:undname.obj
 0001:0000d515       ?getString@charNode@@UBEPADPAD0@Z 0040e515 f i libvcruntime:undname.obj
 0001:0000d52f       ?getString@pDNameNode@@UBEPADPAD0@Z 0040e52f f i libvcruntime:undname.obj
 0001:0000d54b       ?getString@pairNode@@UBEPADPAD0@Z 0040e54b f i libvcruntime:undname.obj
 0001:0000d5a0       ?getString@pcharNode@@UBEPADPAD0@Z 0040e5a0 f i libvcruntime:undname.obj
 0001:0000d5c1       ?getStringEncoding@UnDecorator@@CA?AVDName@@PBDH@Z 0040e5c1 f   libvcruntime:undname.obj
 0001:0000d69b       ?getStringHelper@@YAPADPADPBD1H@Z 0040e69b f i libvcruntime:undname.obj
 0001:0000d6df       ?getSymbolName@UnDecorator@@CA?AVDName@@XZ 0040e6df f i libvcruntime:undname.obj
 0001:0000d739       ?getTemplateArgumentList@UnDecorator@@CA?AVDName@@XZ 0040e739 f   libvcruntime:undname.obj
 0001:0000da77       ?getTemplateConstant@UnDecorator@@CA?AVDName@@XZ 0040ea77 f   libvcruntime:undname.obj
 0001:0000de9b       ?getTemplateName@UnDecorator@@CA?AVDName@@_N@Z 0040ee9b f   libvcruntime:undname.obj
 0001:0000e047       ?getThisType@UnDecorator@@CA?AVDName@@XZ 0040f047 f i libvcruntime:undname.obj
 0001:0000e089       ?getThrowTypes@UnDecorator@@CA?AVDName@@XZ 0040f089 f   libvcruntime:undname.obj
 0001:0000e12b       ?getTypeEncoding@UnDecorator@@CAHXZ 0040f12b f i libvcruntime:undname.obj
 0001:0000e527       ?getVCallThunkType@UnDecorator@@CA?AVDName@@XZ 0040f527 f i libvcruntime:undname.obj
 0001:0000e57f       ?getVbTableType@UnDecorator@@CA?AVDName@@ABV2@@Z 0040f57f f i libvcruntime:undname.obj
 0001:0000e599       ?getVdispMapType@UnDecorator@@CA?AVDName@@ABV2@@Z 0040f599 f i libvcruntime:undname.obj
 0001:0000e604       ?getVfTableType@UnDecorator@@CA?AVDName@@ABV2@@Z 0040f604 f i libvcruntime:undname.obj
 0001:0000e7c2       ?getZName@UnDecorator@@CA?AVDName@@_N0@Z 0040f7c2 f   libvcruntime:undname.obj
 0001:0000ea88       ?haveTemplateParameters@UnDecorator@@SAHXZ 0040fa88 f i libvcruntime:undname.obj
 0001:0000ea95       ?isArray@DName@@QBEHXZ     0040fa95 f i libvcruntime:undname.obj
 0001:0000eaa1       ?isComArray@DName@@QBEHXZ  0040faa1 f i libvcruntime:undname.obj
 0001:0000eaad       ?isEmpty@DName@@QBEHXZ     0040faad f i libvcruntime:undname.obj
 0001:0000eab7       ?isFull@Replicator@@QBEHXZ 0040fab7 f i libvcruntime:undname.obj
 0001:0000eac2       ?isNoTE@DName@@QBEHXZ      0040fac2 f i libvcruntime:undname.obj
 0001:0000eace       ?isPinPtr@DName@@QBEHXZ    0040face f i libvcruntime:undname.obj
 0001:0000eada       ?isPtrRef@DName@@QBEHXZ    0040fada f i libvcruntime:undname.obj
 0001:0000eae6       ?isUDC@DName@@QBEHXZ       0040fae6 f i libvcruntime:undname.obj
 0001:0000eafb       ?isUDTThunk@DName@@QBEHXZ  0040fafb f i libvcruntime:undname.obj
 0001:0000eb10       ?isVCallThunk@DName@@QBEHXZ 0040fb10 f i libvcruntime:undname.obj
 0001:0000eb1c       ?isValid@DName@@QBEHXZ     0040fb1c f i libvcruntime:undname.obj
 0001:0000eb28       ?length@DName@@QBEHXZ      0040fb28 f i libvcruntime:undname.obj
 0001:0000eb4d       ?length@DNameStatusNode@@UBEHXZ 0040fb4d f i libvcruntime:undname.obj
 0001:0000eb51       ?length@charNode@@UBEHXZ   0040fb51 f i libvcruntime:undname.obj
 0001:0000eb55       ?length@pDNameNode@@UBEHXZ 0040fb55 f i libvcruntime:undname.obj
 0001:0000eb66       ?length@pairNode@@UBEHXZ   0040fb66 f i libvcruntime:undname.obj
 0001:0000ebc2       ?length@pcharNode@@UBEHXZ  0040fbc2 f i libvcruntime:undname.obj
 0001:0000ebc6       ?make@DNameStatusNode@@SAPAV1@W4DNameStatus@@@Z 0040fbc6 f i libvcruntime:undname.obj
 0001:0000ec6d       ?setIsArray@DName@@QAEXXZ  0040fc6d f i libvcruntime:undname.obj
 0001:0000ec77       ?setIsComArray@DName@@QAEXXZ 0040fc77 f i libvcruntime:undname.obj
 0001:0000ec81       ?setIsNoTE@DName@@QAEXXZ   0040fc81 f i libvcruntime:undname.obj
 0001:0000ec8b       ?setIsPinPtr@DName@@QAEXXZ 0040fc8b f i libvcruntime:undname.obj
 0001:0000ec95       ?setIsUDC@DName@@QAEXXZ    0040fc95 f i libvcruntime:undname.obj
 0001:0000eca5       ?setIsVCallThunk@DName@@QAEXXZ 0040fca5 f i libvcruntime:undname.obj
 0001:0000ecaf       ?setPtrRef@DName@@QAEAAV1@XZ 0040fcaf f i libvcruntime:undname.obj
 0001:0000ecbb       ?status@DName@@QBE?AW4DNameStatus@@XZ 0040fcbb f i libvcruntime:undname.obj
 0001:0000ed40       ___unDName                 0040fd40 f   libvcruntime:undname.obj
 0001:0000edfa       ___unDNameEx               0040fdfa f   libvcruntime:undname.obj
 0001:0000eeb4       __vsprintf_s_l             0040feb4 f i libvcruntime:undname.obj
 0001:0000eeec       _sprintf_s                 0040feec f i libvcruntime:undname.obj
 0001:0000ef10       __global_unwind2           0040ff10 f   libvcruntime:_exsup_.obj
 0001:0000ef75       __local_unwind2            0040ff75 f   libvcruntime:_exsup_.obj
 0001:0000eff9       __abnormal_termination     0040fff9 f   libvcruntime:_exsup_.obj
 0001:0000f01c       __NLG_Notify1              0041001c f   libvcruntime:_exsup_.obj
 0001:0000f025       __NLG_Notify               00410025 f   libvcruntime:_exsup_.obj
 0001:0000f03c       __NLG_Dispatch             0041003c     libvcruntime:_exsup_.obj
 0001:0000f03c       __NLG_Dispatch2            0041003c     libvcruntime:_exsup_.obj
 0001:0000f044       __NLG_Call                 00410044 f   libvcruntime:_exsup_.obj
 0001:0000f046       __NLG_Return2              00410046     libvcruntime:_exsup_.obj
 0001:0000f094       ??$__crt_fast_decode_pointer@P6AXXZ@@YAP6AXXZQ6AXXZ@Z 00410094 f i libvcruntime:purevirt.obj
 0001:0000f0ad       ??$__crt_interlocked_exchange_pointer@$$A6AXXZP6AXXZ@@YAP6AXXZPDS6AXXZQ6AXXZ@Z 004100ad f i libvcruntime:purevirt.obj
 0001:0000f0bd       ??$__crt_interlocked_read_pointer@$$A6AXXZ@@YAP6AXXZPDS6AXXZ@Z 004100bd f i libvcruntime:purevirt.obj
 0001:0000f0c9       __get_purecall_handler     004100c9 f   libvcruntime:purevirt.obj
 0001:0000f0e3       __purecall                 004100e3 f   libvcruntime:purevirt.obj
 0001:0000f104       __set_purecall_handler     00410104 f   libvcruntime:purevirt.obj
 0001:0000f15f       __seh_filter_dll           0041015f f   libucrt:exception_filter.obj
 0001:0000f187       __seh_filter_exe           00410187 f   libucrt:exception_filter.obj
 0001:0000f41d       ___acrt_report_runtime_error 0041041d f   libucrt:report_runtime_error.obj
 0001:0000f577       __invoke_watson_if_error   00410577 f i libucrt:report_runtime_error.obj
 0001:0000f5a1       __query_app_type           004105a1 f   libucrt:report_runtime_error.obj
 0001:0000f5a7       __set_app_type             004105a7 f   libucrt:report_runtime_error.obj
 0001:0000f5b9       ??$__crt_fast_decode_pointer@P6AHPAU_exception@@@Z@@YAP6AHPAU_exception@@@ZQ6AH0@Z@Z 004105b9 f i libucrt:matherr.obj
 0001:0000f5d4       ??$__crt_fast_encode_pointer@P6AHPAU_exception@@@Z@@YAP6AHPAU_exception@@@ZQ6AH0@Z@Z 004105d4 f i libucrt:matherr.obj
 0001:0000f5fa       ?get_current_state_index@__crt_state_management@@YAIXZ 004105fa f i libucrt:matherr.obj
 0001:0000f5fd       ?initialize@?$dual_state_global@P6AHPAU_exception@@@Z@__crt_state_management@@QAEXQ6AHPAU_exception@@@Z@Z 004105fd f i libucrt:matherr.obj
 0001:0000f63a       ?value@?$dual_state_global@P6AHPAU_exception@@@Z@__crt_state_management@@QAEAAP6AHPAU_exception@@@ZXZ 0041063a f i libucrt:matherr.obj
 0001:0000f63d       ___acrt_has_user_matherr   0041063d f   libucrt:matherr.obj
 0001:0000f65c       ___acrt_initialize_user_matherr 0041065c f   libucrt:matherr.obj
 0001:0000f675       ___acrt_invoke_user_matherr 00410675 f   libucrt:matherr.obj
 0001:0000f6d0       ___setusermatherr          004106d0 f   libucrt:matherr.obj
 0001:0000f6ea       ??$?RE@__crt_internal_free_policy@@QBEXQBE@Z 004106ea f i libucrt:argv_parsing.obj
 0001:0000f700       ??$?RPAD@__crt_internal_free_policy@@QBEXQBQAD@Z 00410700 f i libucrt:argv_parsing.obj
 0001:0000f716       ??$?RPA_W@__crt_internal_free_policy@@QBEXQBQA_W@Z 00410716 f i libucrt:argv_parsing.obj
 0001:0000fa2c       ??$get_module_file_name@$$TAAY0BAF@DH@?$__crt_char_traits@D@@SAK$$QA$$TAAY0BAF@D$$QAH@Z 00410a2c f i libucrt:argv_parsing.obj
 0001:0000fa4c       ??$get_module_file_name@$$TAAY0BAF@_WH@?$__crt_char_traits@_W@@SAK$$QA$$TAAY0BAF@_W$$QAH@Z 00410a4c f i libucrt:argv_parsing.obj
 0001:0000fe25       ??$set_program_name@PAD@?$__crt_char_traits@D@@SAX$$QAPAD@Z 00410e25 f i libucrt:argv_parsing.obj
 0001:0000fe3a       ??$set_program_name@PA_W@?$__crt_char_traits@_W@@SAX$$QAPA_W@Z 00410e3a f i libucrt:argv_parsing.obj
 0001:0000fe77       ??0?$__crt_unique_heap_ptr@EU__crt_internal_free_policy@@@@QAE@QAE@Z 00410e77 f i libucrt:argv_parsing.obj
 0001:0000fe8b       ??0?$__crt_unique_heap_ptr@PADU__crt_internal_free_policy@@@@QAE@QAPAD@Z 00410e8b f i libucrt:argv_parsing.obj
 0001:0000fe9f       ??0?$__crt_unique_heap_ptr@PA_WU__crt_internal_free_policy@@@@QAE@QAPA_W@Z 00410e9f f i libucrt:argv_parsing.obj
 0001:0000feb3       ??1?$__crt_unique_heap_ptr@EU__crt_internal_free_policy@@@@QAE@XZ 00410eb3 f i libucrt:argv_parsing.obj
 0001:0000fec9       ??1?$__crt_unique_heap_ptr@PADU__crt_internal_free_policy@@@@QAE@XZ 00410ec9 f i libucrt:argv_parsing.obj
 0001:0000fedf       ??1?$__crt_unique_heap_ptr@PA_WU__crt_internal_free_policy@@@@QAE@XZ 00410edf f i libucrt:argv_parsing.obj
 0001:0000fef5       ??B?$__crt_unique_heap_ptr@EU__crt_internal_free_policy@@@@QBE_NXZ 00410ef5 f i libucrt:argv_parsing.obj
 0001:0000ff32       ?detach@?$__crt_unique_heap_ptr@EU__crt_internal_free_policy@@@@QAEPAEXZ 00410f32 f i libucrt:argv_parsing.obj
 0001:0000ff38       ?detach@?$__crt_unique_heap_ptr@PADU__crt_internal_free_policy@@@@QAEPAPADXZ 00410f38 f i libucrt:argv_parsing.obj
 0001:0000ff3e       ?detach@?$__crt_unique_heap_ptr@PA_WU__crt_internal_free_policy@@@@QAEPAPA_WXZ 00410f3e f i libucrt:argv_parsing.obj
 0001:0000ff64       ?get@?$__crt_unique_heap_ptr@EU__crt_internal_free_policy@@@@QBEPAEXZ 00410f64 f i libucrt:argv_parsing.obj
 0001:0000ff67       ?get@?$__crt_unique_heap_ptr@PADU__crt_internal_free_policy@@@@QBEPAPADXZ 00410f67 f i libucrt:argv_parsing.obj
 0001:0000ff6a       ?get@?$__crt_unique_heap_ptr@PA_WU__crt_internal_free_policy@@@@QBEPAPA_WXZ 00410f6a f i libucrt:argv_parsing.obj
 0001:0000ff6d       ?get_address_of@?$__crt_unique_heap_ptr@PADU__crt_internal_free_policy@@@@QAEPAPAPADXZ 00410f6d f i libucrt:argv_parsing.obj
 0001:0000ff70       ?get_address_of@?$__crt_unique_heap_ptr@PA_WU__crt_internal_free_policy@@@@QAEPAPAPA_WXZ 00410f70 f i libucrt:argv_parsing.obj
 0001:0000ff8b       ?is_valid@?$__crt_unique_heap_ptr@EU__crt_internal_free_policy@@@@QBE_NXZ 00410f8b f i libucrt:argv_parsing.obj
 0001:0000ff92       ?release@?$__crt_unique_heap_ptr@EU__crt_internal_free_policy@@@@QAEXXZ 00410f92 f i libucrt:argv_parsing.obj
 0001:0000ffa8       ?release@?$__crt_unique_heap_ptr@PADU__crt_internal_free_policy@@@@QAEXXZ 00410fa8 f i libucrt:argv_parsing.obj
 0001:0000ffbe       ?release@?$__crt_unique_heap_ptr@PA_WU__crt_internal_free_policy@@@@QAEXXZ 00410fbe f i libucrt:argv_parsing.obj
 0001:0000fff5       ___acrt_allocate_buffer_for_argv 00410ff5 f   libucrt:argv_parsing.obj
 0001:00010057       __configure_narrow_argv    00411057 f   libucrt:argv_parsing.obj
 0001:00010064       __configure_wide_argv      00411064 f   libucrt:argv_parsing.obj
 0001:00010071       __set_pgmptr               00411071 f i libucrt:argv_parsing.obj
 0001:00010083       __set_wpgmptr              00411083 f i libucrt:argv_parsing.obj
 0001:00010095       ??$?R_W@__crt_internal_free_policy@@QBEXQB_W@Z 00411095 f i libucrt:environment_initialization.obj
 0001:0001056d       ??$get_environment_from_os@$$V@?$__crt_char_traits@D@@SAPADXZ 0041156d f i libucrt:environment_initialization.obj
 0001:00010572       ??$get_environment_from_os@$$V@?$__crt_char_traits@_W@@SAPA_WXZ 00411572 f i libucrt:environment_initialization.obj
 0001:000106ac       ??$set_variable_in_environment_nolock@PADH@?$__crt_char_traits@D@@SAH$$QAPAD$$QAH@Z 004116ac f i libucrt:environment_initialization.obj
 0001:000106ca       ??$set_variable_in_environment_nolock@PA_WH@?$__crt_char_traits@_W@@SAH$$QAPA_W$$QAH@Z 004116ca f i libucrt:environment_initialization.obj
 0001:000106e8       ??$tcscpy_s@PADABIAAPAD@?$__crt_char_traits@D@@SAH$$QAPADABIAAPAD@Z 004116e8 f i libucrt:environment_initialization.obj
 0001:0001070d       ??$tcscpy_s@PA_WABIAAPA_W@?$__crt_char_traits@_W@@SAH$$QAPA_WABIAAPA_W@Z 0041170d f i libucrt:environment_initialization.obj
 0001:00010732       ??$tcslen@AAPAD@?$__crt_char_traits@D@@SAIAAPAD@Z 00411732 f i libucrt:environment_initialization.obj
 0001:00010750       ??$tcslen@AAPA_W@?$__crt_char_traits@_W@@SAIAAPA_W@Z 00411750 f i libucrt:environment_initialization.obj
 0001:00010775       ??$uninitialize@A6AXAAPAPAD@Z@?$dual_state_global@PAPAD@__crt_state_management@@QAEXA6AXAAPAPAD@Z@Z 00411775 f i libucrt:environment_initialization.obj
 0001:000107c5       ??$uninitialize@A6AXAAPAPA_W@Z@?$dual_state_global@PAPA_W@__crt_state_management@@QAEXA6AXAAPAPA_W@Z@Z 004117c5 f i libucrt:environment_initialization.obj
 0001:00010857       ??0?$__crt_unique_heap_ptr@_WU__crt_internal_free_policy@@@@QAE@QA_W@Z 00411857 f i libucrt:environment_initialization.obj
 0001:0001086b       ??1?$__crt_unique_heap_ptr@_WU__crt_internal_free_policy@@@@QAE@XZ 0041186b f i libucrt:environment_initialization.obj
 0001:00010881       ??B?$__crt_unique_heap_ptr@PADU__crt_internal_free_policy@@@@QBE_NXZ 00411881 f i libucrt:environment_initialization.obj
 0001:00010888       ??B?$__crt_unique_heap_ptr@PA_WU__crt_internal_free_policy@@@@QBE_NXZ 00411888 f i libucrt:environment_initialization.obj
 0001:0001088f       ??B?$__crt_unique_heap_ptr@_WU__crt_internal_free_policy@@@@QBE_NXZ 0041188f f i libucrt:environment_initialization.obj
 0001:00010896       ?__crt_compute_required_transform_buffer_count@@YAIIQBD@Z 00411896 f i libucrt:environment_initialization.obj
 0001:000108b6       ?__crt_compute_required_transform_buffer_count@@YAIIQB_W@Z 004118b6 f i libucrt:environment_initialization.obj
 0001:000108d9       ?__crt_transform_string@@YAIIQBDQA_WI@Z 004118d9 f i libucrt:environment_initialization.obj
 0001:000108fd       ?__crt_transform_string@@YAIIQB_WQADI@Z 004118fd f i libucrt:environment_initialization.obj
 0001:00010925       ?detach@?$__crt_unique_heap_ptr@DU__crt_internal_free_policy@@@@QAEPADXZ 00411925 f i libucrt:environment_initialization.obj
 0001:0001092b       ?detach@?$__crt_unique_heap_ptr@_WU__crt_internal_free_policy@@@@QAEPA_WXZ 0041192b f i libucrt:environment_initialization.obj
 0001:00010931       ?get@?$__crt_unique_heap_ptr@_WU__crt_internal_free_policy@@@@QBEPA_WXZ 00411931 f i libucrt:environment_initialization.obj
 0001:00010958       ?initialize@?$dual_state_global@PAPAD@__crt_state_management@@QAEXQAPAD@Z 00411958 f i libucrt:environment_initialization.obj
 0001:00010995       ?initialize@?$dual_state_global@PAPA_W@__crt_state_management@@QAEXQAPA_W@Z 00411995 f i libucrt:environment_initialization.obj
 0001:000109d2       ?is_valid@?$__crt_unique_heap_ptr@PADU__crt_internal_free_policy@@@@QBE_NXZ 004119d2 f i libucrt:environment_initialization.obj
 0001:000109d9       ?is_valid@?$__crt_unique_heap_ptr@PA_WU__crt_internal_free_policy@@@@QBE_NXZ 004119d9 f i libucrt:environment_initialization.obj
 0001:000109e0       ?is_valid@?$__crt_unique_heap_ptr@_WU__crt_internal_free_policy@@@@QBE_NXZ 004119e0 f i libucrt:environment_initialization.obj
 0001:000109ed       ?release@?$__crt_unique_heap_ptr@_WU__crt_internal_free_policy@@@@QAEXXZ 004119ed f i libucrt:environment_initialization.obj
 0001:00010a03       ?value@?$dual_state_global@PAPAD@__crt_state_management@@QAEAAPAPADXZ 00411a03 f i libucrt:environment_initialization.obj
 0001:00010a06       ?value@?$dual_state_global@PAPA_W@__crt_state_management@@QAEAAPAPA_WXZ 00411a06 f i libucrt:environment_initialization.obj
 0001:00010a09       ___dcrt_get_or_create_narrow_environment_nolock 00411a09 f   libucrt:environment_initialization.obj
 0001:00010a0e       ___dcrt_get_or_create_wide_environment_nolock 00411a0e f   libucrt:environment_initialization.obj
 0001:00010a13       ___dcrt_uninitialize_environments_nolock 00411a13 f   libucrt:environment_initialization.obj
 0001:00010a57       ___p__environ              00411a57 f   libucrt:environment_initialization.obj
 0001:00010a5d       ___p__wenviron             00411a5d f   libucrt:environment_initialization.obj
 0001:00010a63       __get_initial_narrow_environment 00411a63 f   libucrt:environment_initialization.obj
 0001:00010a7c       __get_initial_wide_environment 00411a7c f   libucrt:environment_initialization.obj
 0001:00010a95       __initialize_narrow_environment 00411a95 f   libucrt:environment_initialization.obj
 0001:00010a9a       __initialize_wide_environment 00411a9a f   libucrt:environment_initialization.obj
 0001:00010a9f       __initterm                 00411a9f f   libucrt:initterm.obj
 0001:00010b12       __initterm_e               00411b12 f   libucrt:initterm.obj
 0001:00010b68       ??$?B$$A6GXPAXK0@Z@__crt_fast_encoded_nullptr_t@@QBEP6GXPAXK0@ZXZ 00411b68 f i libucrt:exit.obj
 0001:00010c0b       ??$__crt_fast_decode_pointer@P6GXPAXK0@Z@@YAP6GXPAXK0@ZQ6GX0K0@Z@Z 00411c0b f i libucrt:exit.obj
 0001:00010c26       ??$__crt_fast_encode_pointer@P6GXPAXK0@Z@@YAP6GXPAXK0@ZQ6GX0K0@Z@Z 00411c26 f i libucrt:exit.obj
 0001:00010c4c       ??$__crt_get_proc_address@P6GXI@Z@@YAP6GXI@ZQAUHINSTANCE__@@QBD@Z 00411c4c f i libucrt:exit.obj
 0001:00010c63       ??$__crt_interlocked_read@J@@YAJPDJ@Z 00411c63 f i libucrt:exit.obj
 0001:00010cc1       ??0?$__crt_unique_handle_t@U__crt_hmodule_traits@@@@QAE@QAUHINSTANCE__@@@Z 00411cc1 f i libucrt:exit.obj
 0001:00010cd5       ??1?$__crt_unique_handle_t@U__crt_hmodule_traits@@@@QAE@XZ 00411cd5 f i libucrt:exit.obj
 0001:00010e1a       ?__acrt_select_exit_lock@@YA?AW4__acrt_lock_id@@XZ 00411e1a f i libucrt:exit.obj
 0001:00010e35       ?close@?$__crt_unique_handle_t@U__crt_hmodule_traits@@@@QAEXXZ 00411e35 f i libucrt:exit.obj
 0001:00010e51       ?close@__crt_hmodule_traits@@SA_NPAUHINSTANCE__@@@Z 00411e51 f i libucrt:exit.obj
 0001:00010f3d       ?get@?$__crt_unique_handle_t@U__crt_hmodule_traits@@@@QBEPAUHINSTANCE__@@XZ 00411f3d f i libucrt:exit.obj
 0001:00010f40       ?get_address_of@?$__crt_unique_handle_t@U__crt_hmodule_traits@@@@QAEPAPAUHINSTANCE__@@XZ 00411f40 f i libucrt:exit.obj
 0001:00010f43       ?get_invalid_value@__crt_hmodule_traits@@SAPAUHINSTANCE__@@XZ 00411f43 f i libucrt:exit.obj
 0001:00011044       __Exit                     00412044 f   libucrt:exit.obj
 0001:0001105f       ___acrt_initialize_thread_local_exit_callback 0041205f f   libucrt:exit.obj
 0001:00011071       __c_exit                   00412071 f   libucrt:exit.obj
 0001:00011083       __cexit                    00412083 f   libucrt:exit.obj
 0001:00011095       __exit                     00412095 f   libucrt:exit.obj
 0001:000110b0       __is_c_termination_complete 004120b0 f   libucrt:exit.obj
 0001:000110b6       __register_thread_local_exe_atexit_callback 004120b6 f   libucrt:exit.obj
 0001:000110fc       _exit                      004120fc f   libucrt:exit.obj
 0001:00011117       _quick_exit                00412117 f   libucrt:exit.obj
 0001:00011132       ??$__crt_interlocked_read@H@@YAHPDH@Z 00412132 f i libucrt:setmode.obj
 0001:00011141       ?value@?$dual_state_global@H@__crt_state_management@@QAEAAHXZ 00412141 f i libucrt:setmode.obj
 0001:00011144       __get_fmode                00412144 f   libucrt:setmode.obj
 0001:0001117b       __set_fmode                0041217b f   libucrt:setmode.obj
 0001:000111c7       __setmode                  004121c7 f   libucrt:setmode.obj
 0001:0001130f       __setmode_nolock           0041230f f   libucrt:setmode.obj
 0001:00011414       ___acrt_initialize_command_line 00412414 f   libucrt:argv_data.obj
 0001:00011433       ___acrt_uninitialize_command_line 00412433 f   libucrt:argv_data.obj
 0001:00011436       ___p___argc                00412436 f   libucrt:argv_data.obj
 0001:0001143c       ___p___argv                0041243c f   libucrt:argv_data.obj
 0001:00011442       ___p___wargv               00412442 f   libucrt:argv_data.obj
 0001:00011448       ___p__acmdln               00412448 f   libucrt:argv_data.obj
 0001:0001144e       ___p__pgmptr               0041244e f   libucrt:argv_data.obj
 0001:00011454       ___p__wcmdln               00412454 f   libucrt:argv_data.obj
 0001:0001145a       ___p__wpgmptr              0041245a f   libucrt:argv_data.obj
 0001:00011460       __get_pgmptr               00412460 f   libucrt:argv_data.obj
 0001:0001149d       __get_wpgmptr              0041249d f   libucrt:argv_data.obj
 0001:000114dd       ??$?RU__crt_locale_data@@@__crt_internal_free_policy@@QBEXQBU__crt_locale_data@@@Z 004124dd f i libucrt:wsetlocale.obj
 0001:000114f3       ??$?RU__crt_locale_pointers@@@__crt_internal_free_policy@@QBEXQBU__crt_locale_pointers@@@Z 004124f3 f i libucrt:wsetlocale.obj
 0001:00011509       ??$?RU__crt_multibyte_data@@@__crt_internal_free_policy@@QBEXQBU__crt_multibyte_data@@@Z 00412509 f i libucrt:wsetlocale.obj
 0001:000117d9       ??$__vcrt_va_start_verify_argument_type@H@@YAXXZ 004127d9 f i libucrt:wsetlocale.obj
 0001:00011964       ??0?$__crt_unique_heap_ptr@U__crt_locale_data@@U__crt_internal_free_policy@@@@QAE@QAU__crt_locale_data@@@Z 00412964 f i libucrt:wsetlocale.obj
 0001:00011978       ??0?$__crt_unique_heap_ptr@U__crt_locale_pointers@@U__crt_internal_free_policy@@@@QAE@QAU__crt_locale_pointers@@@Z 00412978 f i libucrt:wsetlocale.obj
 0001:0001198c       ??0?$__crt_unique_heap_ptr@U__crt_multibyte_data@@U__crt_internal_free_policy@@@@QAE@QAU__crt_multibyte_data@@@Z 0041298c f i libucrt:wsetlocale.obj
 0001:000119a0       ??1?$__crt_unique_heap_ptr@U__crt_locale_data@@U__crt_internal_free_policy@@@@QAE@XZ 004129a0 f i libucrt:wsetlocale.obj
 0001:000119b6       ??1?$__crt_unique_heap_ptr@U__crt_locale_pointers@@U__crt_internal_free_policy@@@@QAE@XZ 004129b6 f i libucrt:wsetlocale.obj
 0001:000119cc       ??1?$__crt_unique_heap_ptr@U__crt_multibyte_data@@U__crt_internal_free_policy@@@@QAE@XZ 004129cc f i libucrt:wsetlocale.obj
 0001:000119e2       ??B?$__crt_unique_heap_ptr@U__crt_locale_data@@U__crt_internal_free_policy@@@@QBE_NXZ 004129e2 f i libucrt:wsetlocale.obj
 0001:000119e9       ??B?$__crt_unique_heap_ptr@U__crt_locale_pointers@@U__crt_internal_free_policy@@@@QBE_NXZ 004129e9 f i libucrt:wsetlocale.obj
 0001:000119f0       ??B?$__crt_unique_heap_ptr@U__crt_multibyte_data@@U__crt_internal_free_policy@@@@QBE_NXZ 004129f0 f i libucrt:wsetlocale.obj
 0001:00011c92       ?detach@?$__crt_unique_heap_ptr@U__crt_locale_data@@U__crt_internal_free_policy@@@@QAEPAU__crt_locale_data@@XZ 00412c92 f i libucrt:wsetlocale.obj
 0001:00011c98       ?detach@?$__crt_unique_heap_ptr@U__crt_locale_pointers@@U__crt_internal_free_policy@@@@QAEPAU__crt_locale_pointers@@XZ 00412c98 f i libucrt:wsetlocale.obj
 0001:00011c9e       ?detach@?$__crt_unique_heap_ptr@U__crt_multibyte_data@@U__crt_internal_free_policy@@@@QAEPAU__crt_multibyte_data@@XZ 00412c9e f i libucrt:wsetlocale.obj
 0001:00011ca4       ?get@?$__crt_unique_heap_ptr@U__crt_locale_data@@U__crt_internal_free_policy@@@@QBEPAU__crt_locale_data@@XZ 00412ca4 f i libucrt:wsetlocale.obj
 0001:00011ca7       ?get@?$__crt_unique_heap_ptr@U__crt_locale_pointers@@U__crt_internal_free_policy@@@@QBEPAU__crt_locale_pointers@@XZ 00412ca7 f i libucrt:wsetlocale.obj
 0001:00011caa       ?get@?$__crt_unique_heap_ptr@U__crt_multibyte_data@@U__crt_internal_free_policy@@@@QBEPAU__crt_multibyte_data@@XZ 00412caa f i libucrt:wsetlocale.obj
 0001:00011cad       ?is_valid@?$__crt_unique_heap_ptr@U__crt_locale_data@@U__crt_internal_free_policy@@@@QBE_NXZ 00412cad f i libucrt:wsetlocale.obj
 0001:00011cb4       ?is_valid@?$__crt_unique_heap_ptr@U__crt_locale_pointers@@U__crt_internal_free_policy@@@@QBE_NXZ 00412cb4 f i libucrt:wsetlocale.obj
 0001:00011cbb       ?is_valid@?$__crt_unique_heap_ptr@U__crt_multibyte_data@@U__crt_internal_free_policy@@@@QBE_NXZ 00412cbb f i libucrt:wsetlocale.obj
 0001:00011cc2       ?release@?$__crt_unique_heap_ptr@U__crt_locale_data@@U__crt_internal_free_policy@@@@QAEXXZ 00412cc2 f i libucrt:wsetlocale.obj
 0001:00011cd8       ?release@?$__crt_unique_heap_ptr@U__crt_locale_pointers@@U__crt_internal_free_policy@@@@QAEXXZ 00412cd8 f i libucrt:wsetlocale.obj
 0001:00011cee       ?release@?$__crt_unique_heap_ptr@U__crt_multibyte_data@@U__crt_internal_free_policy@@@@QAEXXZ 00412cee f i libucrt:wsetlocale.obj
 0001:00011d04       ?value@?$dual_state_global@PAU__crt_locale_data@@@__crt_state_management@@QAEAAPAU__crt_locale_data@@XZ 00412d04 f i libucrt:wsetlocale.obj
 0001:00011d07       ___acrt_copy_locale_name   00412d07 f   libucrt:wsetlocale.obj
 0001:00011d86       ___acrt_set_locale_changed 00412d86 f   libucrt:wsetlocale.obj
 0001:00011d93       ___acrt_uninitialize_locale 00412d93 f   libucrt:wsetlocale.obj
 0001:00011dc6       ___lc_lctowcs              00412dc6 f   libucrt:wsetlocale.obj
 0001:00011e52       ___lc_wcstolc              00412e52 f   libucrt:wsetlocale.obj
 0001:00011fcc       __configthreadlocale       00412fcc f   libucrt:wsetlocale.obj
 0001:00012080       __create_locale            00413080 f   libucrt:wsetlocale.obj
 0001:000120fd       __expandlocale             004130fd f   libucrt:wsetlocale.obj
 0001:00012551       __free_locale              00413551 f   libucrt:wsetlocale.obj
 0001:00012637       __get_current_locale       00413637 f   libucrt:wsetlocale.obj
 0001:000126fb       __wcreate_locale           004136fb f   libucrt:wsetlocale.obj
 0001:00012846       __wcscats                  00413846 f   libucrt:wsetlocale.obj
 0001:00012897       __wsetlocale               00413897 f   libucrt:wsetlocale.obj
 0001:000133c3       ?value@?$dual_state_global@J@__crt_state_management@@QAEAAJXZ 004143c3 f i libucrt:new_mode.obj
 0001:000133c6       __query_new_mode           004143c6 f   libucrt:new_mode.obj
 0001:000133cc       __set_new_mode             004143cc f   libucrt:new_mode.obj
 0001:00013406       ___p__commode              00414406 f   libucrt:ncommode.obj
 0001:0001340c       ??$?BP6AXXZ@__crt_fast_encoded_nullptr_t@@QBEPAP6AXXZXZ 0041440c f i libucrt:onexit.obj
 0001:0001342a       ??$?RP6AXXZ@__crt_internal_free_policy@@QBEXQBQ6AXXZ@Z 0041442a f i libucrt:onexit.obj
 0001:0001356e       ??$__crt_fast_encode_pointer@P6AHXZ@@YAP6AHXZQ6AHXZ@Z 0041456e f i libucrt:onexit.obj
 0001:0001361b       ??0?$__crt_unique_heap_ptr@P6AXXZU__crt_internal_free_policy@@@@QAE@QAP6AXXZ@Z 0041461b f i libucrt:onexit.obj
 0001:0001362f       ??1?$__crt_unique_heap_ptr@P6AXXZU__crt_internal_free_policy@@@@QAE@XZ 0041462f f i libucrt:onexit.obj
 0001:00013645       ??1scoped_global_state_reset@__crt_state_management@@QAE@XZ 00414645 f i libucrt:onexit.obj
 0001:00013968       ?detach@?$__crt_unique_heap_ptr@P6AXXZU__crt_internal_free_policy@@@@QAEPAP6AXXZXZ 00414968 f i libucrt:onexit.obj
 0001:0001396e       ?release@?$__crt_unique_heap_ptr@P6AXXZU__crt_internal_free_policy@@@@QAEXXZ 0041496e f i libucrt:onexit.obj
 0001:00013984       __crt_at_quick_exit        00414984 f   libucrt:onexit.obj
 0001:0001399f       __crt_atexit               0041499f f   libucrt:onexit.obj
 0001:000139ba       __execute_onexit_table     004149ba f   libucrt:onexit.obj
 0001:000139f4       __initialize_onexit_table  004149f4 f   libucrt:onexit.obj
 0001:00013a40       __register_onexit_function 00414a40 f   libucrt:onexit.obj
 0001:00013c0b       ?initialize@?$dual_state_global@PAU__crt_locale_data@@@__crt_state_management@@QAEXQAU__crt_locale_data@@@Z 00414c0b f i libucrt:initialization.obj
 0001:00013c48       ___acrt_initialize         00414c48 f   libucrt:initialization.obj
 0001:00013c5e       ___acrt_thread_attach      00414c5e f   libucrt:initialization.obj
 0001:00013c6b       ___acrt_thread_detach      00414c6b f   libucrt:initialization.obj
 0001:00013c75       ___acrt_uninitialize       00414c75 f   libucrt:initialization.obj
 0001:00013c8b       ___acrt_uninitialize_critical 00414c8b f   libucrt:initialization.obj
 0001:00013ca1       __controlfp_s              00414ca1 f   libucrt:contrlfp.obj
 0001:00013d32       __get_terminate            00414d32 f   libucrt:terminate.obj
 0001:00013d48       _set_terminate             00414d48 f   libucrt:terminate.obj
 0001:00013d70       _terminate                 00414d70 f   libucrt:terminate.obj
 0001:00013dbb       ??$__crt_interlocked_exchange_pointer@X$$T@@YAPAXPDSAX$$T@Z 00414dbb f i libucrt:free_base.obj
 0001:00013dd3       ___acrt_get_msvcrt_heap_handle 00414dd3 f   libucrt:free_base.obj
 0001:00013e64       __free_base                00414e64 f   libucrt:free_base.obj
 0001:00013eac       __malloc_base              00414eac f   libucrt:malloc_base.obj
 0001:00013f7d       _strcpy_s                  00414f7d f   libucrt:strcpy_s.obj
 0001:00013fed       __set_abort_behavior       00414fed f   libucrt:abort.obj
 0001:00014016       _abort                     00415016 f   libucrt:abort.obj
 0001:0001406b       __calloc_base              0041506b f   libucrt:calloc_base.obj
 0001:000140df       _wcsncmp                   004150df f   libucrt:wcsncmp.obj
 0001:00014127       ??$?0ABV?$stream_output_adapter@D@__crt_stdio_output@@AB_KABQBDABQAU__crt_locale_pointers@@ABQAD@?$format_validation_base@DV?$stream_output_adapter@D@__crt_stdio_output@@@__crt_stdio_output@@IAE@ABV?$stream_output_adapter@D@1@AB_KABQBDABQAU__crt_locale_pointers@@ABQAD@Z 00415127 f i libucrt:output.obj
 0001:00014152       ??$?0ABV?$stream_output_adapter@D@__crt_stdio_output@@AB_KABQBDABQAU__crt_locale_pointers@@ABQAD@?$positional_parameter_base@DV?$stream_output_adapter@D@__crt_stdio_output@@@__crt_stdio_output@@IAE@ABV?$stream_output_adapter@D@1@AB_KABQBDABQAU__crt_locale_pointers@@ABQAD@Z 00415152 f i libucrt:output.obj
 0001:000141ac       ??$?0ABV?$stream_output_adapter@D@__crt_stdio_output@@AB_KABQBDABQAU__crt_locale_pointers@@ABQAD@?$standard_base@DV?$stream_output_adapter@D@__crt_stdio_output@@@__crt_stdio_output@@IAE@ABV?$stream_output_adapter@D@1@AB_KABQBDABQAU__crt_locale_pointers@@ABQAD@Z 004151ac f i libucrt:output.obj
 0001:000141ee       ??$?0ABV?$stream_output_adapter@_W@__crt_stdio_output@@AB_KABQB_WABQAU__crt_locale_pointers@@ABQAD@?$format_validation_base@_WV?$stream_output_adapter@_W@__crt_stdio_output@@@__crt_stdio_output@@IAE@ABV?$stream_output_adapter@_W@1@AB_KABQB_WABQAU__crt_locale_pointers@@ABQAD@Z 004151ee f i libucrt:output.obj
 0001:00014219       ??$?0ABV?$stream_output_adapter@_W@__crt_stdio_output@@AB_KABQB_WABQAU__crt_locale_pointers@@ABQAD@?$positional_parameter_base@_WV?$stream_output_adapter@_W@__crt_stdio_output@@@__crt_stdio_output@@IAE@ABV?$stream_output_adapter@_W@1@AB_KABQB_WABQAU__crt_locale_pointers@@ABQAD@Z 00415219 f i libucrt:output.obj
 0001:00014273       ??$?0ABV?$stream_output_adapter@_W@__crt_stdio_output@@AB_KABQB_WABQAU__crt_locale_pointers@@ABQAD@?$standard_base@_WV?$stream_output_adapter@_W@__crt_stdio_output@@@__crt_stdio_output@@IAE@ABV?$stream_output_adapter@_W@1@AB_KABQB_WABQAU__crt_locale_pointers@@ABQAD@Z 00415273 f i libucrt:output.obj
 0001:000142b5       ??$?0ABV?$string_output_adapter@D@__crt_stdio_output@@AB_KABQBDABQAU__crt_locale_pointers@@ABQAD@?$format_validation_base@DV?$string_output_adapter@D@__crt_stdio_output@@@__crt_stdio_output@@IAE@ABV?$string_output_adapter@D@1@AB_KABQBDABQAU__crt_locale_pointers@@ABQAD@Z 004152b5 f i libucrt:output.obj
 0001:000142e0       ??$?0ABV?$string_output_adapter@D@__crt_stdio_output@@AB_KABQBDABQAU__crt_locale_pointers@@ABQAD@?$positional_parameter_base@DV?$string_output_adapter@D@__crt_stdio_output@@@__crt_stdio_output@@IAE@ABV?$string_output_adapter@D@1@AB_KABQBDABQAU__crt_locale_pointers@@ABQAD@Z 004152e0 f i libucrt:output.obj
 0001:0001433a       ??$?0ABV?$string_output_adapter@D@__crt_stdio_output@@AB_KABQBDABQAU__crt_locale_pointers@@ABQAD@?$standard_base@DV?$string_output_adapter@D@__crt_stdio_output@@@__crt_stdio_output@@IAE@ABV?$string_output_adapter@D@1@AB_KABQBDABQAU__crt_locale_pointers@@ABQAD@Z 0041533a f i libucrt:output.obj
 0001:0001437c       ??$?0ABV?$string_output_adapter@_W@__crt_stdio_output@@AB_KABQB_WABQAU__crt_locale_pointers@@ABQAD@?$format_validation_base@_WV?$string_output_adapter@_W@__crt_stdio_output@@@__crt_stdio_output@@IAE@ABV?$string_output_adapter@_W@1@AB_KABQB_WABQAU__crt_locale_pointers@@ABQAD@Z 0041537c f i libucrt:output.obj
 0001:000143a7       ??$?0ABV?$string_output_adapter@_W@__crt_stdio_output@@AB_KABQB_WABQAU__crt_locale_pointers@@ABQAD@?$positional_parameter_base@_WV?$string_output_adapter@_W@__crt_stdio_output@@@__crt_stdio_output@@IAE@ABV?$string_output_adapter@_W@1@AB_KABQB_WABQAU__crt_locale_pointers@@ABQAD@Z 004153a7 f i libucrt:output.obj
 0001:00014401       ??$?0ABV?$string_output_adapter@_W@__crt_stdio_output@@AB_KABQB_WABQAU__crt_locale_pointers@@ABQAD@?$standard_base@_WV?$string_output_adapter@_W@__crt_stdio_output@@@__crt_stdio_output@@IAE@ABV?$string_output_adapter@_W@1@AB_KABQB_WABQAU__crt_locale_pointers@@ABQAD@Z 00415401 f i libucrt:output.obj
 0001:00015a61       ??$count@D@formatting_buffer@__crt_stdio_output@@QBEIXZ 00416a61 f i libucrt:output.obj
 0001:00015a7f       ??$count@_W@formatting_buffer@__crt_stdio_output@@QBEIXZ 00416a7f f i libucrt:output.obj
 0001:00015a9e       ??$data@D@formatting_buffer@__crt_stdio_output@@QAEPADXZ 00416a9e f i libucrt:output.obj
 0001:00015aae       ??$data@_W@formatting_buffer@__crt_stdio_output@@QAEPA_WXZ 00416aae f i libucrt:output.obj
 0001:00015abe       ??$ensure_buffer_is_big_enough@D@formatting_buffer@__crt_stdio_output@@QAE_NI@Z 00416abe f i libucrt:output.obj
 0001:00015b65       ??$extract_argument_from_va_list@C_J@?$positional_parameter_base@DV?$stream_output_adapter@D@__crt_stdio_output@@@__crt_stdio_output@@IAE_NAA_J@Z 00416b65 f i libucrt:output.obj
 0001:00015c03       ??$extract_argument_from_va_list@C_J@?$positional_parameter_base@DV?$string_output_adapter@D@__crt_stdio_output@@@__crt_stdio_output@@IAE_NAA_J@Z 00416c03 f i libucrt:output.obj
 0001:00015ca1       ??$extract_argument_from_va_list@C_J@?$positional_parameter_base@_WV?$stream_output_adapter@_W@__crt_stdio_output@@@__crt_stdio_output@@IAE_NAA_J@Z 00416ca1 f i libucrt:output.obj
 0001:00015d3f       ??$extract_argument_from_va_list@C_J@?$positional_parameter_base@_WV?$string_output_adapter@_W@__crt_stdio_output@@@__crt_stdio_output@@IAE_NAA_J@Z 00416d3f f i libucrt:output.obj
 0001:00015ddd       ??$extract_argument_from_va_list@C_J@?$standard_base@DV?$stream_output_adapter@D@__crt_stdio_output@@@__crt_stdio_output@@IAE_NAA_J@Z 00416ddd f i libucrt:output.obj
 0001:00015e03       ??$extract_argument_from_va_list@C_J@?$standard_base@DV?$string_output_adapter@D@__crt_stdio_output@@@__crt_stdio_output@@IAE_NAA_J@Z 00416e03 f i libucrt:output.obj
 0001:00015e29       ??$extract_argument_from_va_list@C_J@?$standard_base@_WV?$stream_output_adapter@_W@__crt_stdio_output@@@__crt_stdio_output@@IAE_NAA_J@Z 00416e29 f i libucrt:output.obj
 0001:00015e4f       ??$extract_argument_from_va_list@C_J@?$standard_base@_WV?$string_output_adapter@_W@__crt_stdio_output@@@__crt_stdio_output@@IAE_NAA_J@Z 00416e4f f i libucrt:output.obj
 0001:00015e75       ??$extract_argument_from_va_list@E_J@?$positional_parameter_base@DV?$stream_output_adapter@D@__crt_stdio_output@@@__crt_stdio_output@@IAE_NAA_J@Z 00416e75 f i libucrt:output.obj
 0001:00015f13       ??$extract_argument_from_va_list@E_J@?$positional_parameter_base@DV?$string_output_adapter@D@__crt_stdio_output@@@__crt_stdio_output@@IAE_NAA_J@Z 00416f13 f i libucrt:output.obj
 0001:00015fb1       ??$extract_argument_from_va_list@E_J@?$positional_parameter_base@_WV?$stream_output_adapter@_W@__crt_stdio_output@@@__crt_stdio_output@@IAE_NAA_J@Z 00416fb1 f i libucrt:output.obj
 0001:0001604f       ??$extract_argument_from_va_list@E_J@?$positional_parameter_base@_WV?$string_output_adapter@_W@__crt_stdio_output@@@__crt_stdio_output@@IAE_NAA_J@Z 0041704f f i libucrt:output.obj
 0001:000160ed       ??$extract_argument_from_va_list@E_J@?$standard_base@DV?$stream_output_adapter@D@__crt_stdio_output@@@__crt_stdio_output@@IAE_NAA_J@Z 004170ed f i libucrt:output.obj
 0001:00016113       ??$extract_argument_from_va_list@E_J@?$standard_base@DV?$string_output_adapter@D@__crt_stdio_output@@@__crt_stdio_output@@IAE_NAA_J@Z 00417113 f i libucrt:output.obj
 0001:00016139       ??$extract_argument_from_va_list@E_J@?$standard_base@_WV?$stream_output_adapter@_W@__crt_stdio_output@@@__crt_stdio_output@@IAE_NAA_J@Z 00417139 f i libucrt:output.obj
 0001:0001615f       ??$extract_argument_from_va_list@E_J@?$standard_base@_WV?$string_output_adapter@_W@__crt_stdio_output@@@__crt_stdio_output@@IAE_NAA_J@Z 0041715f f i libucrt:output.obj
 0001:00016185       ??$extract_argument_from_va_list@F_J@?$positional_parameter_base@DV?$stream_output_adapter@D@__crt_stdio_output@@@__crt_stdio_output@@IAE_NAA_J@Z 00417185 f i libucrt:output.obj
 0001:00016223       ??$extract_argument_from_va_list@F_J@?$positional_parameter_base@DV?$string_output_adapter@D@__crt_stdio_output@@@__crt_stdio_output@@IAE_NAA_J@Z 00417223 f i libucrt:output.obj
 0001:000162c1       ??$extract_argument_from_va_list@F_J@?$positional_parameter_base@_WV?$stream_output_adapter@_W@__crt_stdio_output@@@__crt_stdio_output@@IAE_NAA_J@Z 004172c1 f i libucrt:output.obj
 0001:0001635f       ??$extract_argument_from_va_list@F_J@?$positional_parameter_base@_WV?$string_output_adapter@_W@__crt_stdio_output@@@__crt_stdio_output@@IAE_NAA_J@Z 0041735f f i libucrt:output.obj
 0001:000163fd       ??$extract_argument_from_va_list@F_J@?$standard_base@DV?$stream_output_adapter@D@__crt_stdio_output@@@__crt_stdio_output@@IAE_NAA_J@Z 004173fd f i libucrt:output.obj
 0001:00016423       ??$extract_argument_from_va_list@F_J@?$standard_base@DV?$string_output_adapter@D@__crt_stdio_output@@@__crt_stdio_output@@IAE_NAA_J@Z 00417423 f i libucrt:output.obj
 0001:00016449       ??$extract_argument_from_va_list@F_J@?$standard_base@_WV?$stream_output_adapter@_W@__crt_stdio_output@@@__crt_stdio_output@@IAE_NAA_J@Z 00417449 f i libucrt:output.obj
 0001:0001646f       ??$extract_argument_from_va_list@F_J@?$standard_base@_WV?$string_output_adapter@_W@__crt_stdio_output@@@__crt_stdio_output@@IAE_NAA_J@Z 0041746f f i libucrt:output.obj
 0001:00016495       ??$extract_argument_from_va_list@GD@?$positional_parameter_base@DV?$stream_output_adapter@D@__crt_stdio_output@@@__crt_stdio_output@@IAE_NAAD@Z 00417495 f i libucrt:output.obj
 0001:00016532       ??$extract_argument_from_va_list@GD@?$positional_parameter_base@DV?$string_output_adapter@D@__crt_stdio_output@@@__crt_stdio_output@@IAE_NAAD@Z 00417532 f i libucrt:output.obj
 0001:000165cf       ??$extract_argument_from_va_list@GD@?$standard_base@DV?$stream_output_adapter@D@__crt_stdio_output@@@__crt_stdio_output@@IAE_NAAD@Z 004175cf f i libucrt:output.obj
 0001:000165ef       ??$extract_argument_from_va_list@GD@?$standard_base@DV?$string_output_adapter@D@__crt_stdio_output@@@__crt_stdio_output@@IAE_NAAD@Z 004175ef f i libucrt:output.obj
 0001:0001660f       ??$extract_argument_from_va_list@G_J@?$positional_parameter_base@DV?$stream_output_adapter@D@__crt_stdio_output@@@__crt_stdio_output@@IAE_NAA_J@Z 0041760f f i libucrt:output.obj
 0001:000166ad       ??$extract_argument_from_va_list@G_J@?$positional_parameter_base@DV?$string_output_adapter@D@__crt_stdio_output@@@__crt_stdio_output@@IAE_NAA_J@Z 004176ad f i libucrt:output.obj
 0001:0001674b       ??$extract_argument_from_va_list@G_J@?$positional_parameter_base@_WV?$stream_output_adapter@_W@__crt_stdio_output@@@__crt_stdio_output@@IAE_NAA_J@Z 0041774b f i libucrt:output.obj
 0001:000167e9       ??$extract_argument_from_va_list@G_J@?$positional_parameter_base@_WV?$string_output_adapter@_W@__crt_stdio_output@@@__crt_stdio_output@@IAE_NAA_J@Z 004177e9 f i libucrt:output.obj
 0001:00016887       ??$extract_argument_from_va_list@G_J@?$standard_base@DV?$stream_output_adapter@D@__crt_stdio_output@@@__crt_stdio_output@@IAE_NAA_J@Z 00417887 f i libucrt:output.obj
 0001:000168ad       ??$extract_argument_from_va_list@G_J@?$standard_base@DV?$string_output_adapter@D@__crt_stdio_output@@@__crt_stdio_output@@IAE_NAA_J@Z 004178ad f i libucrt:output.obj
 0001:000168d3       ??$extract_argument_from_va_list@G_J@?$standard_base@_WV?$stream_output_adapter@_W@__crt_stdio_output@@@__crt_stdio_output@@IAE_NAA_J@Z 004178d3 f i libucrt:output.obj
 0001:000168f9       ??$extract_argument_from_va_list@G_J@?$standard_base@_WV?$string_output_adapter@_W@__crt_stdio_output@@@__crt_stdio_output@@IAE_NAA_J@Z 004178f9 f i libucrt:output.obj
 0001:0001691f       ??$extract_argument_from_va_list@H_J@?$positional_parameter_base@DV?$stream_output_adapter@D@__crt_stdio_output@@@__crt_stdio_output@@IAE_NAA_J@Z 0041791f f i libucrt:output.obj
 0001:000169bb       ??$extract_argument_from_va_list@H_J@?$positional_parameter_base@DV?$string_output_adapter@D@__crt_stdio_output@@@__crt_stdio_output@@IAE_NAA_J@Z 004179bb f i libucrt:output.obj
 0001:00016a57       ??$extract_argument_from_va_list@H_J@?$positional_parameter_base@_WV?$stream_output_adapter@_W@__crt_stdio_output@@@__crt_stdio_output@@IAE_NAA_J@Z 00417a57 f i libucrt:output.obj
 0001:00016af3       ??$extract_argument_from_va_list@H_J@?$positional_parameter_base@_WV?$string_output_adapter@_W@__crt_stdio_output@@@__crt_stdio_output@@IAE_NAA_J@Z 00417af3 f i libucrt:output.obj
 0001:00016b8f       ??$extract_argument_from_va_list@H_J@?$standard_base@DV?$stream_output_adapter@D@__crt_stdio_output@@@__crt_stdio_output@@IAE_NAA_J@Z 00417b8f f i libucrt:output.obj
 0001:00016bb4       ??$extract_argument_from_va_list@H_J@?$standard_base@DV?$string_output_adapter@D@__crt_stdio_output@@@__crt_stdio_output@@IAE_NAA_J@Z 00417bb4 f i libucrt:output.obj
 0001:00016bd9       ??$extract_argument_from_va_list@H_J@?$standard_base@_WV?$stream_output_adapter@_W@__crt_stdio_output@@@__crt_stdio_output@@IAE_NAA_J@Z 00417bd9 f i libucrt:output.obj
 0001:00016bfe       ??$extract_argument_from_va_list@H_J@?$standard_base@_WV?$string_output_adapter@_W@__crt_stdio_output@@@__crt_stdio_output@@IAE_NAA_J@Z 00417bfe f i libucrt:output.obj
 0001:00016c23       ??$extract_argument_from_va_list@I_J@?$positional_parameter_base@DV?$stream_output_adapter@D@__crt_stdio_output@@@__crt_stdio_output@@IAE_NAA_J@Z 00417c23 f i libucrt:output.obj
 0001:00016cca       ??$extract_argument_from_va_list@I_J@?$positional_parameter_base@DV?$string_output_adapter@D@__crt_stdio_output@@@__crt_stdio_output@@IAE_NAA_J@Z 00417cca f i libucrt:output.obj
 0001:00016d71       ??$extract_argument_from_va_list@I_J@?$positional_parameter_base@_WV?$stream_output_adapter@_W@__crt_stdio_output@@@__crt_stdio_output@@IAE_NAA_J@Z 00417d71 f i libucrt:output.obj
 0001:00016e18       ??$extract_argument_from_va_list@I_J@?$positional_parameter_base@_WV?$string_output_adapter@_W@__crt_stdio_output@@@__crt_stdio_output@@IAE_NAA_J@Z 00417e18 f i libucrt:output.obj
 0001:00016ebf       ??$extract_argument_from_va_list@I_J@?$standard_base@DV?$stream_output_adapter@D@__crt_stdio_output@@@__crt_stdio_output@@IAE_NAA_J@Z 00417ebf f i libucrt:output.obj
 0001:00016ee4       ??$extract_argument_from_va_list@I_J@?$standard_base@DV?$string_output_adapter@D@__crt_stdio_output@@@__crt_stdio_output@@IAE_NAA_J@Z 00417ee4 f i libucrt:output.obj
 0001:00016f09       ??$extract_argument_from_va_list@I_J@?$standard_base@_WV?$stream_output_adapter@_W@__crt_stdio_output@@@__crt_stdio_output@@IAE_NAA_J@Z 00417f09 f i libucrt:output.obj
 0001:00016f2e       ??$extract_argument_from_va_list@I_J@?$standard_base@_WV?$string_output_adapter@_W@__crt_stdio_output@@@__crt_stdio_output@@IAE_NAA_J@Z 00417f2e f i libucrt:output.obj
 0001:00016f53       ??$extract_argument_from_va_list@PADPAD@?$positional_parameter_base@DV?$stream_output_adapter@D@__crt_stdio_output@@@__crt_stdio_output@@IAE_NAAPAD@Z 00417f53 f i libucrt:output.obj
 0001:00016ff0       ??$extract_argument_from_va_list@PADPAD@?$positional_parameter_base@DV?$string_output_adapter@D@__crt_stdio_output@@@__crt_stdio_output@@IAE_NAAPAD@Z 00417ff0 f i libucrt:output.obj
 0001:0001708d       ??$extract_argument_from_va_list@PADPAD@?$positional_parameter_base@_WV?$stream_output_adapter@_W@__crt_stdio_output@@@__crt_stdio_output@@IAE_NAAPAD@Z 0041808d f i libucrt:output.obj
 0001:0001712a       ??$extract_argument_from_va_list@PADPAD@?$positional_parameter_base@_WV?$string_output_adapter@_W@__crt_stdio_output@@@__crt_stdio_output@@IAE_NAAPAD@Z 0041812a f i libucrt:output.obj
 0001:000171c7       ??$extract_argument_from_va_list@PADPAD@?$standard_base@DV?$stream_output_adapter@D@__crt_stdio_output@@@__crt_stdio_output@@IAE_NAAPAD@Z 004181c7 f i libucrt:output.obj
 0001:000171e7       ??$extract_argument_from_va_list@PADPAD@?$standard_base@DV?$string_output_adapter@D@__crt_stdio_output@@@__crt_stdio_output@@IAE_NAAPAD@Z 004181e7 f i libucrt:output.obj
 0001:00017207       ??$extract_argument_from_va_list@PADPAD@?$standard_base@_WV?$stream_output_adapter@_W@__crt_stdio_output@@@__crt_stdio_output@@IAE_NAAPAD@Z 00418207 f i libucrt:output.obj
 0001:00017227       ??$extract_argument_from_va_list@PADPAD@?$standard_base@_WV?$string_output_adapter@_W@__crt_stdio_output@@@__crt_stdio_output@@IAE_NAAPAD@Z 00418227 f i libucrt:output.obj
 0001:0001763b       ??$extract_argument_from_va_list@PAXPAX@?$positional_parameter_base@DV?$stream_output_adapter@D@__crt_stdio_output@@@__crt_stdio_output@@IAE_NAAPAX@Z 0041863b f i libucrt:output.obj
 0001:000176d8       ??$extract_argument_from_va_list@PAXPAX@?$positional_parameter_base@DV?$string_output_adapter@D@__crt_stdio_output@@@__crt_stdio_output@@IAE_NAAPAX@Z 004186d8 f i libucrt:output.obj
 0001:00017775       ??$extract_argument_from_va_list@PAXPAX@?$positional_parameter_base@_WV?$stream_output_adapter@_W@__crt_stdio_output@@@__crt_stdio_output@@IAE_NAAPAX@Z 00418775 f i libucrt:output.obj
 0001:00017812       ??$extract_argument_from_va_list@PAXPAX@?$positional_parameter_base@_WV?$string_output_adapter@_W@__crt_stdio_output@@@__crt_stdio_output@@IAE_NAAPAX@Z 00418812 f i libucrt:output.obj
 0001:000178af       ??$extract_argument_from_va_list@PAXPAX@?$standard_base@DV?$stream_output_adapter@D@__crt_stdio_output@@@__crt_stdio_output@@IAE_NAAPAX@Z 004188af f i libucrt:output.obj
 0001:000178cf       ??$extract_argument_from_va_list@PAXPAX@?$standard_base@DV?$string_output_adapter@D@__crt_stdio_output@@@__crt_stdio_output@@IAE_NAAPAX@Z 004188cf f i libucrt:output.obj
 0001:000178ef       ??$extract_argument_from_va_list@PAXPAX@?$standard_base@_WV?$stream_output_adapter@_W@__crt_stdio_output@@@__crt_stdio_output@@IAE_NAAPAX@Z 004188ef f i libucrt:output.obj
 0001:0001790f       ??$extract_argument_from_va_list@PAXPAX@?$standard_base@_WV?$string_output_adapter@_W@__crt_stdio_output@@@__crt_stdio_output@@IAE_NAAPAX@Z 0041890f f i libucrt:output.obj
 0001:0001792f       ??$extract_argument_from_va_list@U_CRT_DOUBLE@@U1@@?$positional_parameter_base@DV?$stream_output_adapter@D@__crt_stdio_output@@@__crt_stdio_output@@IAE_NAAU_CRT_DOUBLE@@@Z 0041892f f i libucrt:output.obj
 0001:000179e0       ??$extract_argument_from_va_list@U_CRT_DOUBLE@@U1@@?$positional_parameter_base@DV?$string_output_adapter@D@__crt_stdio_output@@@__crt_stdio_output@@IAE_NAAU_CRT_DOUBLE@@@Z 004189e0 f i libucrt:output.obj
 0001:00017a91       ??$extract_argument_from_va_list@U_CRT_DOUBLE@@U1@@?$positional_parameter_base@_WV?$stream_output_adapter@_W@__crt_stdio_output@@@__crt_stdio_output@@IAE_NAAU_CRT_DOUBLE@@@Z 00418a91 f i libucrt:output.obj
 0001:00017b42       ??$extract_argument_from_va_list@U_CRT_DOUBLE@@U1@@?$positional_parameter_base@_WV?$string_output_adapter@_W@__crt_stdio_output@@@__crt_stdio_output@@IAE_NAAU_CRT_DOUBLE@@@Z 00418b42 f i libucrt:output.obj
 0001:00017bf3       ??$extract_argument_from_va_list@U_CRT_DOUBLE@@U1@@?$standard_base@DV?$stream_output_adapter@D@__crt_stdio_output@@@__crt_stdio_output@@IAE_NAAU_CRT_DOUBLE@@@Z 00418bf3 f i libucrt:output.obj
 0001:00017c1b       ??$extract_argument_from_va_list@U_CRT_DOUBLE@@U1@@?$standard_base@DV?$string_output_adapter@D@__crt_stdio_output@@@__crt_stdio_output@@IAE_NAAU_CRT_DOUBLE@@@Z 00418c1b f i libucrt:output.obj
 0001:00017c43       ??$extract_argument_from_va_list@U_CRT_DOUBLE@@U1@@?$standard_base@_WV?$stream_output_adapter@_W@__crt_stdio_output@@@__crt_stdio_output@@IAE_NAAU_CRT_DOUBLE@@@Z 00418c43 f i libucrt:output.obj
 0001:00017c6b       ??$extract_argument_from_va_list@U_CRT_DOUBLE@@U1@@?$standard_base@_WV?$string_output_adapter@_W@__crt_stdio_output@@@__crt_stdio_output@@IAE_NAAU_CRT_DOUBLE@@@Z 00418c6b f i libucrt:output.obj
 0001:00017c93       ??$extract_argument_from_va_list@_J_J@?$positional_parameter_base@DV?$stream_output_adapter@D@__crt_stdio_output@@@__crt_stdio_output@@IAE_NAA_J@Z 00418c93 f i libucrt:output.obj
 0001:00017d44       ??$extract_argument_from_va_list@_J_J@?$positional_parameter_base@DV?$string_output_adapter@D@__crt_stdio_output@@@__crt_stdio_output@@IAE_NAA_J@Z 00418d44 f i libucrt:output.obj
 0001:00017df5       ??$extract_argument_from_va_list@_J_J@?$positional_parameter_base@_WV?$stream_output_adapter@_W@__crt_stdio_output@@@__crt_stdio_output@@IAE_NAA_J@Z 00418df5 f i libucrt:output.obj
 0001:00017ea6       ??$extract_argument_from_va_list@_J_J@?$positional_parameter_base@_WV?$string_output_adapter@_W@__crt_stdio_output@@@__crt_stdio_output@@IAE_NAA_J@Z 00418ea6 f i libucrt:output.obj
 0001:00017f57       ??$extract_argument_from_va_list@_J_J@?$standard_base@DV?$stream_output_adapter@D@__crt_stdio_output@@@__crt_stdio_output@@IAE_NAA_J@Z 00418f57 f i libucrt:output.obj
 0001:00017f7f       ??$extract_argument_from_va_list@_J_J@?$standard_base@DV?$string_output_adapter@D@__crt_stdio_output@@@__crt_stdio_output@@IAE_NAA_J@Z 00418f7f f i libucrt:output.obj
 0001:00017fa7       ??$extract_argument_from_va_list@_J_J@?$standard_base@_WV?$stream_output_adapter@_W@__crt_stdio_output@@@__crt_stdio_output@@IAE_NAA_J@Z 00418fa7 f i libucrt:output.obj
 0001:00017fcf       ??$extract_argument_from_va_list@_J_J@?$standard_base@_WV?$string_output_adapter@_W@__crt_stdio_output@@@__crt_stdio_output@@IAE_NAA_J@Z 00418fcf f i libucrt:output.obj
 0001:00017ff7       ??$extract_argument_from_va_list@_K_J@?$positional_parameter_base@DV?$stream_output_adapter@D@__crt_stdio_output@@@__crt_stdio_output@@IAE_NAA_J@Z 00418ff7 f i libucrt:output.obj
 0001:000180a8       ??$extract_argument_from_va_list@_K_J@?$positional_parameter_base@DV?$string_output_adapter@D@__crt_stdio_output@@@__crt_stdio_output@@IAE_NAA_J@Z 004190a8 f i libucrt:output.obj
 0001:00018159       ??$extract_argument_from_va_list@_K_J@?$positional_parameter_base@_WV?$stream_output_adapter@_W@__crt_stdio_output@@@__crt_stdio_output@@IAE_NAA_J@Z 00419159 f i libucrt:output.obj
 0001:0001820a       ??$extract_argument_from_va_list@_K_J@?$positional_parameter_base@_WV?$string_output_adapter@_W@__crt_stdio_output@@@__crt_stdio_output@@IAE_NAA_J@Z 0041920a f i libucrt:output.obj
[...]
 0002:0000913c       ??_C@_04ODHECPBC@fabs?$AA@ 0045d13c     libucrt:fpexcept.obj
 0002:00009144       ??_C@_04EHEDPDJG@modf?$AA@ 0045d144     libucrt:fpexcept.obj
 0002:0000914c       ??_C@_05CEJMAHNP@ldexp?$AA@ 0045d14c     libucrt:fpexcept.obj
 0002:00009154       ??_C@_05KBKMEMPO@_cabs?$AA@ 0045d154     libucrt:fpexcept.obj
 0002:0000915c       ??_C@_06MEIMCGCF@_hypot?$AA@ 0045d15c     libucrt:fpexcept.obj
 0002:00009164       ??_C@_04KEPJIHGP@fmod?$AA@ 0045d164     libucrt:fpexcept.obj
 0002:0000916c       ??_C@_05GKKHEGJL@frexp?$AA@ 0045d16c     libucrt:fpexcept.obj
 0002:00009174       ??_C@_03MJLDFKDL@_y0?$AA@  0045d174     libucrt:fpexcept.obj
 0002:00009178       ??_C@_03NAKIGLHK@_y1?$AA@  0045d178     libucrt:fpexcept.obj
 0002:0000917c       ??_C@_03ONILCKOB@_yn?$AA@  0045d17c     libucrt:fpexcept.obj
 0002:00009180       ??_C@_05JGDBENOH@_logb?$AA@ 0045d180     libucrt:fpexcept.obj
 0002:00009188       ??_C@_0L@KDOEJCKC@_nextafter?$AA@ 0045d188     libucrt:fpexcept.obj
 0002:00009198       __d_inf                    0045d198     libucrt:util.obj
 0002:000091a8       __d_ind                    0045d1a8     libucrt:util.obj
 0002:000091b8       __d_max                    0045d1b8     libucrt:util.obj
 0002:000091c8       __d_min                    0045d1c8     libucrt:util.obj
 0002:000091d8       __d_mzero                  0045d1d8     libucrt:util.obj
 0002:00009258       ??_7type_info@@6B@         0045d258     libcmt:std_type_info_static.obj
 0002:00009298       __load_config_used         0045d298     libcmt:loadcfg.obj
 0002:00009718       ??_R4DNameNode@@6B@        0045d718     libvcruntime:undname.obj
 0002:00009730       ??_R3DNameNode@@8          0045d730     libvcruntime:undname.obj
 0002:00009744       ??_R2DNameNode@@8          0045d744     libvcruntime:undname.obj
 0002:0000974c       ??_R1A@?0A@EA@DNameNode@@8 0045d74c     libvcruntime:undname.obj
 0002:00009770       ??_R4charNode@@6B@         0045d770     libvcruntime:undname.obj
 0002:00009788       ??_R3charNode@@8           0045d788     libvcruntime:undname.obj
 0002:0000979c       ??_R2charNode@@8           0045d79c     libvcruntime:undname.obj
 0002:000097a8       ??_R1A@?0A@EA@charNode@@8  0045d7a8     libvcruntime:undname.obj
 0002:000097cc       ??_R4pcharNode@@6B@        0045d7cc     libvcruntime:undname.obj
 0002:000097e4       ??_R3pcharNode@@8          0045d7e4     libvcruntime:undname.obj
 0002:000097f8       ??_R2pcharNode@@8          0045d7f8     libvcruntime:undname.obj
 0002:00009804       ??_R1A@?0A@EA@pcharNode@@8 0045d804     libvcruntime:undname.obj
 0002:00009828       ??_R4pDNameNode@@6B@       0045d828     libvcruntime:undname.obj
 0002:00009840       ??_R3pDNameNode@@8         0045d840     libvcruntime:undname.obj
 0002:00009854       ??_R2pDNameNode@@8         0045d854     libvcruntime:undname.obj
 0002:00009860       ??_R1A@?0A@EA@pDNameNode@@8 0045d860     libvcruntime:undname.obj
 0002:00009884       ??_R4DNameStatusNode@@6B@  0045d884     libvcruntime:undname.obj
 0002:0000989c       ??_R3DNameStatusNode@@8    0045d89c     libvcruntime:undname.obj
 0002:000098b0       ??_R2DNameStatusNode@@8    0045d8b0     libvcruntime:undname.obj
 0002:000098bc       ??_R1A@?0A@EA@DNameStatusNode@@8 0045d8bc     libvcruntime:undname.obj
 0002:000098e0       ??_R4pairNode@@6B@         0045d8e0     libvcruntime:undname.obj
 0002:000098f8       ??_R3pairNode@@8           0045d8f8     libvcruntime:undname.obj
 0002:0000990c       ??_R2pairNode@@8           0045d90c     libvcruntime:undname.obj
 0002:00009918       ??_R1A@?0A@EA@pairNode@@8  0045d918     libvcruntime:undname.obj
 0002:0000993c       ??_R4type_info@@6B@        0045d93c     libcmt:std_type_info_static.obj
 0002:00009954       ??_R3type_info@@8          0045d954     libcmt:std_type_info_static.obj
 0002:00009968       ??_R2type_info@@8          0045d968     libcmt:std_type_info_static.obj
 0002:00009970       ??_R1A@?0A@EA@type_info@@8 0045d970     libcmt:std_type_info_static.obj
 0002:00009c40       ___rtc_iaa                 0045dc40     libcmt:_initsect_.obj
 0002:00009d44       ___rtc_izz                 0045dd44     libcmt:_initsect_.obj
 0002:00009e48       ___rtc_taa                 0045de48     libcmt:_initsect_.obj
 0002:00009f4c       ___rtc_tzz                 0045df4c     libcmt:_initsect_.obj
 0003:00000018       ___scrt_native_dllmain_reason 0045f018     libcmt:utility.obj
 0003:0000001c       ___scrt_default_matherr    0045f01c     libcmt:matherr.obj
 0003:00000020       ___isa_enabled             0045f020     libcmt:_cpu_disp_.obj
 0003:00000024       ___security_cookie_complement 0045f024     libcmt:gs_cookie.obj
 0003:00000028       ___security_cookie         0045f028     libcmt:gs_cookie.obj
 0003:00000040       __NLG_Destination          0045f040     libvcruntime:_exsup_.obj
 0003:0000005c       ___abort_behavior          0045f05c     libucrt:abort.obj
 0003:00000070       ___acrt_initial_multibyte_data 0045f070     libucrt:mbctype.obj
 0003:00000690       ___badioinfo               0045f690     libucrt:ioinit.obj
 0003:000006cc       __pctype                   0045f6cc     libucrt:ctype.obj
 0003:000006d0       __pwctype                  0045f6d0     libucrt:ctype.obj
 0003:000006d4       ___mb_cur_max              0045f6d4     libucrt:nlsdata.obj
 0003:000006d8       ___acrt_initial_locale_data 0045f6d8     libucrt:nlsdata.obj
 0003:000007b4       ___acrt_initial_locale_pointers 0045f7b4     libucrt:nlsdata.obj
 0003:000007c0       ___acrt_wide_c_locale_string 0045f7c0     libucrt:nlsdata.obj
 0003:000007c4       ___acrt_lconv_static_decimal 0045f7c4     libucrt:localeconv.obj
 0003:000007c8       ___acrt_lconv_static_W_decimal 0045f7c8     libucrt:localeconv.obj
 0003:000007d0       ___acrt_lconv_c            0045f7d0     libucrt:localeconv.obj
 0003:00000830       ___acrt_lconv              0045f830     libucrt:localeconv.obj
 0003:00000834       ___globallocalestatus      0045f834     libucrt:glstatus.obj
 0003:00000838       __iob                      0045f838     libucrt:_file.obj
 0003:00000930       __fltused                  0045f930     libcmt:fltused.obj
 0003:00000a6c       ??_R0?AVDNameNode@@@8      0045fa6c     libvcruntime:undname.obj
 0003:00000a88       ??_R0?AVcharNode@@@8       0045fa88     libvcruntime:undname.obj
 0003:00000aa4       ??_R0?AVpcharNode@@@8      0045faa4     libvcruntime:undname.obj
 0003:00000ac0       ??_R0?AVpDNameNode@@@8     0045fac0     libvcruntime:undname.obj
 0003:00000ae0       ??_R0?AVDNameStatusNode@@@8 0045fae0     libvcruntime:undname.obj
 0003:00000b04       ??_R0?AVpairNode@@@8       0045fb04     libvcruntime:undname.obj
 0003:00000b20       ??_R0?AVtype_info@@@8      0045fb20     libcmt:std_type_info_static.obj
 0003:00000c40       ___scrt_current_native_startup_state 0045fc40     libcmt:utility.obj
 0003:00000c44       ___scrt_native_startup_lock 0045fc44     libcmt:utility.obj
 0003:00000c68       ?__type_info_root_node@@3U__type_info_node@@A 0045fc68     libcmt:tncleanup.obj
 0003:00000c78       ?_OptionsStorage@?1??__local_stdio_printf_options@@9@4_KA 0045fc78     libcmt:default_local_stdio_options.obj
 0003:00000c88       ?_OptionsStorage@?1??__local_stdio_scanf_options@@9@4_KA 0045fc88     libcmt:default_local_stdio_options.obj
 0003:00000c94       ___scrt_debugger_hook_flag 0045fc94     libcmt:utility_desktop.obj
 0003:00000c98       ___isa_available           0045fc98     libcmt:_cpu_disp_.obj
 0003:00000c9c       ___favor                   0045fc9c     libcmt:_cpu_disp_.obj
 0003:000010e0       ___pPurecall               004600e0     libvcruntime:purevirt_data.obj
 0003:000010e4       ?pArgList@UnDecorator@@0PAVReplicator@@A 004600e4     libvcruntime:undname.obj
 0003:000010e8       ?pZNameList@UnDecorator@@0PAVReplicator@@A 004600e8     libvcruntime:undname.obj
 0003:000010ec       ?pTemplateArgList@UnDecorator@@0PAVReplicator@@A 004600ec     libvcruntime:undname.obj
 0003:000010f0       ?gName@UnDecorator@@0PBDB  004600f0     libvcruntime:undname.obj
 0003:000010f4       ?name@UnDecorator@@0PBDB   004600f4     libvcruntime:undname.obj
 0003:000010f8       ?outputString@UnDecorator@@0PADA 004600f8     libvcruntime:undname.obj
 0003:000010fc       ?maxStringLength@UnDecorator@@0HA 004600fc     libvcruntime:undname.obj
 0003:00001100       ?disableFlags@UnDecorator@@0KA 00460100     libvcruntime:undname.obj
 0003:00001104       ?fExplicitTemplateParams@UnDecorator@@0_NA 00460104     libvcruntime:undname.obj
 0003:00001105       ?fGetTemplateArgumentList@UnDecorator@@0_NA 00460105     libvcruntime:undname.obj
 0003:00001108       ?m_pGetParameter@UnDecorator@@0P6APADJ@ZA 00460108     libvcruntime:undname.obj
 0003:0000112c       ?nodes@?1??make@DNameStatusNode@@SAPAV2@W4DNameStatus@@@Z@4PAV2@A 0046012c     libvcruntime:undname.obj
 0003:00001168       ??_B?1??make@DNameStatusNode@@SAPAV1@W4DNameStatus@@@Z@51 00460168     libvcruntime:undname.obj
 0003:00001c8c       __environ_table            00460c8c     libucrt:environment_initialization.obj
 0003:00001c90       __wenviron_table           00460c90     libucrt:environment_initialization.obj
 0003:00001c98       ___dcrt_initial_wide_environment 00460c98     libucrt:environment_initialization.obj
 0003:00001c9c       ___dcrt_initial_narrow_environment 00460c9c     libucrt:environment_initialization.obj
 0003:00001ca8       ?c_exit_complete@?1???R<lambda_6e4b09c48022b2350581041d5f6b0c4c>@@QBE@XZ@4_NA 00460ca8     libucrt:exit.obj
 0003:00001cac       ___argc                    00460cac     libucrt:argv_data.obj
 0003:00001cb0       ___argv                    00460cb0     libucrt:argv_data.obj
 0003:00001cb4       ___wargv                   00460cb4     libucrt:argv_data.obj
 0003:00001cb8       __acmdln                   00460cb8     libucrt:argv_data.obj
 0003:00001cbc       __wcmdln                   00460cbc     libucrt:argv_data.obj
 0003:00001cc0       __pgmptr                   00460cc0     libucrt:argv_data.obj
 0003:00001cc4       __wpgmptr                  00460cc4     libucrt:argv_data.obj
 0003:00001cc8       ___acrt_locale_changed_data 00460cc8     libucrt:wsetlocale.obj
 0003:00001cd0       __commode                  00460cd0     libucrt:ncommode.obj
 0003:00001cd4       ___acrt_atexit_table       00460cd4     libucrt:onexit.obj
 0003:00001ce4       ___acrt_at_quick_exit_table 00460ce4     libucrt:onexit.obj
 0003:00001cfc       ___acrt_current_multibyte_data 00460cfc     libucrt:mbctype.obj
 0003:00001d00       __mbctype                  00460d00     libucrt:mbctype.obj
 0003:00001d04       __mbcasemap                00460d04     libucrt:mbctype.obj
 0003:00001eb4       __fmode                    00460eb4     libucrt:txtmode.obj
 0003:00001eb8       ___pioinfo                 00460eb8     libucrt:ioinit.obj
 0003:00002120       __nhandle                  00461120     libucrt:ioinit.obj
 0003:00002124       ___acrt_current_locale_data 00461124     libucrt:nlsdata.obj
 0003:00002230       ___acrt_lconv_static_null  00461230     libucrt:localeconv.obj
 0003:00002234       ___acrt_lconv_static_W_null 00461234     libucrt:localeconv.obj
 0003:00002238       ___acrt_heap               00461238     libucrt:heap_handle.obj
 0003:00002258       ___acrt_stdout_buffer      00461258     libucrt:_sftbuf.obj
 0003:0000225c       ___acrt_stderr_buffer      0046125c     libucrt:_sftbuf.obj
 0003:00002260       __nstream                  00461260     libucrt:_file.obj
 0003:00002264       ___piob                    00461264     libucrt:_file.obj
 0003:0000226c       __cflush                   0046126c     libucrt:_file.obj
 0003:00002274       ___fastflag                00461274     libucrt:fp_flags.obj
 0003:0000227c       ___scrt_ucrt_dll_is_in_use 0046127c     <common>
 0003:00002288       ___dyn_tls_dtor_callback   00461288     <common>
 0003:00002294       ___dyn_tls_init_callback   00461294     <common>
 0003:000022a0       __pDestructExceptionObject 004612a0     <common>
 0003:000022ac       __pmatherr                 004612ac     <common>
 0003:000022b8       ___use_sse2_mathfcns       004612b8     <common>
 0004:00000000       __imp__ExitProcess@4       00462000     kernel32:KERNEL32.dll
 0004:00000004       __imp__WriteConsoleW@20    00462004     kernel32:KERNEL32.dll
 0004:00000008       __imp__CreateFileW@28      00462008     kernel32:KERNEL32.dll
 0004:0000000c       __imp__CloseHandle@4       0046200c     kernel32:KERNEL32.dll
 0004:00000010       __imp__QueryPerformanceCounter@4 00462010     kernel32:KERNEL32.dll
 0004:00000014       __imp__GetCurrentProcessId@0 00462014     kernel32:KERNEL32.dll
 0004:00000018       __imp__GetCurrentThreadId@0 00462018     kernel32:KERNEL32.dll
 0004:0000001c       __imp__GetSystemTimeAsFileTime@4 0046201c     kernel32:KERNEL32.dll
 0004:00000020       __imp__InitializeSListHead@4 00462020     kernel32:KERNEL32.dll
 0004:00000024       __imp__IsDebuggerPresent@0 00462024     kernel32:KERNEL32.dll
 0004:00000028       __imp__UnhandledExceptionFilter@4 00462028     kernel32:KERNEL32.dll
 0004:0000002c       __imp__SetUnhandledExceptionFilter@4 0046202c     kernel32:KERNEL32.dll
 0004:00000030       __imp__GetStartupInfoW@4   00462030     kernel32:KERNEL32.dll
 0004:00000034       __imp__IsProcessorFeaturePresent@4 00462034     kernel32:KERNEL32.dll
 0004:00000038       __imp__GetModuleHandleW@4  00462038     kernel32:KERNEL32.dll
 0004:0000003c       __imp__GetCurrentProcess@0 0046203c     kernel32:KERNEL32.dll
 0004:00000040       __imp__TerminateProcess@8  00462040     kernel32:KERNEL32.dll
 0004:00000044       __imp__InterlockedPushEntrySList@8 00462044     kernel32:KERNEL32.dll
 0004:00000048       __imp__InterlockedFlushSList@4 00462048     kernel32:KERNEL32.dll
 0004:0000004c       __imp__RtlUnwind@16        0046204c     kernel32:KERNEL32.dll
 0004:00000050       __imp__GetLastError@0      00462050     kernel32:KERNEL32.dll
 0004:00000054       __imp__SetLastError@4      00462054     kernel32:KERNEL32.dll
 0004:00000058       __imp__EnterCriticalSection@4 00462058     kernel32:KERNEL32.dll
 0004:0000005c       __imp__LeaveCriticalSection@4 0046205c     kernel32:KERNEL32.dll
 0004:00000060       __imp__DeleteCriticalSection@4 00462060     kernel32:KERNEL32.dll
 0004:00000064       __imp__InitializeCriticalSectionAndSpinCount@8 00462064     kernel32:KERNEL32.dll
 0004:00000068       __imp__TlsAlloc@0          00462068     kernel32:KERNEL32.dll
 0004:0000006c       __imp__TlsGetValue@4       0046206c     kernel32:KERNEL32.dll
 0004:00000070       __imp__TlsSetValue@8       00462070     kernel32:KERNEL32.dll
 0004:00000074       __imp__TlsFree@4           00462074     kernel32:KERNEL32.dll
 0004:00000078       __imp__FreeLibrary@4       00462078     kernel32:KERNEL32.dll
 0004:0000007c       __imp__GetProcAddress@8    0046207c     kernel32:KERNEL32.dll
 0004:00000080       __imp__LoadLibraryExW@12   00462080     kernel32:KERNEL32.dll
 0004:00000084       __imp__GetStdHandle@4      00462084     kernel32:KERNEL32.dll
 0004:00000088       __imp__WriteFile@20        00462088     kernel32:KERNEL32.dll
 0004:0000008c       __imp__GetModuleFileNameW@12 0046208c     kernel32:KERNEL32.dll
 0004:00000090       __imp__GetModuleFileNameA@12 00462090     kernel32:KERNEL32.dll
 0004:00000094       __imp__MultiByteToWideChar@24 00462094     kernel32:KERNEL32.dll
 0004:00000098       __imp__WideCharToMultiByte@32 00462098     kernel32:KERNEL32.dll
 0004:0000009c       __imp__GetModuleHandleExW@12 0046209c     kernel32:KERNEL32.dll
 0004:000000a0       __imp__GetCommandLineA@0   004620a0     kernel32:KERNEL32.dll
 0004:000000a4       __imp__GetCommandLineW@0   004620a4     kernel32:KERNEL32.dll
 0004:000000a8       __imp__GetACP@0            004620a8     kernel32:KERNEL32.dll
 0004:000000ac       __imp__HeapFree@12         004620ac     kernel32:KERNEL32.dll
 0004:000000b0       __imp__HeapAlloc@12        004620b0     kernel32:KERNEL32.dll
 0004:000000b4       __imp__GetCurrentThread@0  004620b4     kernel32:KERNEL32.dll
 0004:000000b8       __imp__OutputDebugStringA@4 004620b8     kernel32:KERNEL32.dll
 0004:000000bc       __imp__OutputDebugStringW@4 004620bc     kernel32:KERNEL32.dll
 0004:000000c0       __imp__FindClose@4         004620c0     kernel32:KERNEL32.dll
 0004:000000c4       __imp__FindFirstFileExA@24 004620c4     kernel32:KERNEL32.dll
 0004:000000c8       __imp__FindFirstFileExW@24 004620c8     kernel32:KERNEL32.dll
 0004:000000cc       __imp__FindNextFileA@8     004620cc     kernel32:KERNEL32.dll
 0004:000000d0       __imp__FindNextFileW@8     004620d0     kernel32:KERNEL32.dll
 0004:000000d4       __imp__IsValidCodePage@4   004620d4     kernel32:KERNEL32.dll
 0004:000000d8       __imp__GetOEMCP@0          004620d8     kernel32:KERNEL32.dll
 0004:000000dc       __imp__GetCPInfo@8         004620dc     kernel32:KERNEL32.dll
 0004:000000e0       __imp__GetEnvironmentStringsW@0 004620e0     kernel32:KERNEL32.dll
 0004:000000e4       __imp__FreeEnvironmentStringsW@4 004620e4     kernel32:KERNEL32.dll
 0004:000000e8       __imp__SetEnvironmentVariableA@8 004620e8     kernel32:KERNEL32.dll
 0004:000000ec       __imp__SetEnvironmentVariableW@8 004620ec     kernel32:KERNEL32.dll
 0004:000000f0       __imp__SetStdHandle@8      004620f0     kernel32:KERNEL32.dll
 0004:000000f4       __imp__GetFileType@4       004620f4     kernel32:KERNEL32.dll
 0004:000000f8       __imp__GetStringTypeW@16   004620f8     kernel32:KERNEL32.dll
 0004:000000fc       __imp__GetLocaleInfoW@16   004620fc     kernel32:KERNEL32.dll
 0004:00000100       __imp__IsValidLocale@8     00462100     kernel32:KERNEL32.dll
 0004:00000104       __imp__GetUserDefaultLCID@0 00462104     kernel32:KERNEL32.dll
 0004:00000108       __imp__EnumSystemLocalesW@8 00462108     kernel32:KERNEL32.dll
 0004:0000010c       __imp__GetDateFormatW@24   0046210c     kernel32:KERNEL32.dll
 0004:00000110       __imp__GetTimeFormatW@24   00462110     kernel32:KERNEL32.dll
 0004:00000114       __imp__CompareStringW@24   00462114     kernel32:KERNEL32.dll
 0004:00000118       __imp__LCMapStringW@24     00462118     kernel32:KERNEL32.dll
 0004:0000011c       __imp__GetProcessHeap@0    0046211c     kernel32:KERNEL32.dll
 0004:00000120       __imp__SetConsoleCtrlHandler@8 00462120     kernel32:KERNEL32.dll
 0004:00000124       __imp__HeapSize@12         00462124     kernel32:KERNEL32.dll
 0004:00000128       __imp__HeapReAlloc@16      00462128     kernel32:KERNEL32.dll
 0004:0000012c       __imp__FlushFileBuffers@4  0046212c     kernel32:KERNEL32.dll
 0004:00000130       __imp__GetConsoleCP@0      00462130     kernel32:KERNEL32.dll
 0004:00000134       __imp__GetConsoleMode@8    00462134     kernel32:KERNEL32.dll
 0004:00000138       __imp__SetFilePointerEx@20 00462138     kernel32:KERNEL32.dll
 0004:0000013c       __imp__EncodePointer@4     0046213c     kernel32:KERNEL32.dll
 0004:00000140       __imp__DecodePointer@4     00462140     kernel32:KERNEL32.dll
 0004:00000144       __imp__RaiseException@16   00462144     kernel32:KERNEL32.dll
 0004:00000148       \177KERNEL32_NULL_THUNK_DATA 00462148     kernel32:KERNEL32.dll
 0004:000001b4       __imp__MessageBoxA@16      004621b4     user32:USER32.dll
 0004:000001b8       __imp__MessageBeep@4       004621b8     user32:USER32.dll
 0004:000001bc       \177USER32_NULL_THUNK_DATA 004621bc     user32:USER32.dll
 0004:000001e8       __IMPORT_DESCRIPTOR_KERNEL32 004621e8     kernel32:KERNEL32.dll
 0004:000001fc       __IMPORT_DESCRIPTOR_USER32 004621fc     user32:USER32.dll
 0004:00000210       __NULL_IMPORT_DESCRIPTOR   00462210     kernel32:KERNEL32.dll
 0005:00000000       ___guard_check_icall_fptr  00463000     libcmt:guard_support.obj
